Archive member included to satisfy reference by file (symbol)

/Applications/ArmGNUToolchain/12.3.rel1/arm-none-eabi/bin/../lib/gcc/arm-none-eabi/12.3.1/../../../../arm-none-eabi/lib/thumb/v7e-m+fp/hard/libc_nano.a(libc_a-exit.o)
                              /Applications/ArmGNUToolchain/12.3.rel1/arm-none-eabi/bin/../lib/gcc/arm-none-eabi/12.3.1/../../../../arm-none-eabi/lib/thumb/v7e-m+fp/hard/crt0.o (exit)
/Applications/ArmGNUToolchain/12.3.rel1/arm-none-eabi/bin/../lib/gcc/arm-none-eabi/12.3.1/../../../../arm-none-eabi/lib/thumb/v7e-m+fp/hard/libc_nano.a(libc_a-sprintf.o)
                              build/main.o (sprintf)
/Applications/ArmGNUToolchain/12.3.rel1/arm-none-eabi/bin/../lib/gcc/arm-none-eabi/12.3.1/../../../../arm-none-eabi/lib/thumb/v7e-m+fp/hard/libc_nano.a(libc_a-findfp.o)
                              /Applications/ArmGNUToolchain/12.3.rel1/arm-none-eabi/bin/../lib/gcc/arm-none-eabi/12.3.1/../../../../arm-none-eabi/lib/thumb/v7e-m+fp/hard/libc_nano.a(libc_a-exit.o) (__stdio_exit_handler)
/Applications/ArmGNUToolchain/12.3.rel1/arm-none-eabi/bin/../lib/gcc/arm-none-eabi/12.3.1/../../../../arm-none-eabi/lib/thumb/v7e-m+fp/hard/libc_nano.a(libc_a-fwalk.o)
                              /Applications/ArmGNUToolchain/12.3.rel1/arm-none-eabi/bin/../lib/gcc/arm-none-eabi/12.3.1/../../../../arm-none-eabi/lib/thumb/v7e-m+fp/hard/libc_nano.a(libc_a-findfp.o) (_fwalk_sglue)
/Applications/ArmGNUToolchain/12.3.rel1/arm-none-eabi/bin/../lib/gcc/arm-none-eabi/12.3.1/../../../../arm-none-eabi/lib/thumb/v7e-m+fp/hard/libc_nano.a(libc_a-memset.o)
                              /Applications/ArmGNUToolchain/12.3.rel1/arm-none-eabi/bin/../lib/gcc/arm-none-eabi/12.3.1/../../../../arm-none-eabi/lib/thumb/v7e-m+fp/hard/crt0.o (memset)
/Applications/ArmGNUToolchain/12.3.rel1/arm-none-eabi/bin/../lib/gcc/arm-none-eabi/12.3.1/../../../../arm-none-eabi/lib/thumb/v7e-m+fp/hard/libc_nano.a(libc_a-impure.o)
                              /Applications/ArmGNUToolchain/12.3.rel1/arm-none-eabi/bin/../lib/gcc/arm-none-eabi/12.3.1/../../../../arm-none-eabi/lib/thumb/v7e-m+fp/hard/libc_nano.a(libc_a-sprintf.o) (_impure_ptr)
/Applications/ArmGNUToolchain/12.3.rel1/arm-none-eabi/bin/../lib/gcc/arm-none-eabi/12.3.1/../../../../arm-none-eabi/lib/thumb/v7e-m+fp/hard/libc_nano.a(libc_a-init.o)
                              /Applications/ArmGNUToolchain/12.3.rel1/arm-none-eabi/bin/../lib/gcc/arm-none-eabi/12.3.1/../../../../arm-none-eabi/lib/thumb/v7e-m+fp/hard/crt0.o (__libc_init_array)
/Applications/ArmGNUToolchain/12.3.rel1/arm-none-eabi/bin/../lib/gcc/arm-none-eabi/12.3.1/../../../../arm-none-eabi/lib/thumb/v7e-m+fp/hard/libc_nano.a(libc_a-lock.o)
                              /Applications/ArmGNUToolchain/12.3.rel1/arm-none-eabi/bin/../lib/gcc/arm-none-eabi/12.3.1/../../../../arm-none-eabi/lib/thumb/v7e-m+fp/hard/libc_nano.a(libc_a-findfp.o) (__retarget_lock_init_recursive)
/Applications/ArmGNUToolchain/12.3.rel1/arm-none-eabi/bin/../lib/gcc/arm-none-eabi/12.3.1/../../../../arm-none-eabi/lib/thumb/v7e-m+fp/hard/libc_nano.a(libc_a-memcpy-stub.o)
                              build/queue.o (memcpy)
/Applications/ArmGNUToolchain/12.3.rel1/arm-none-eabi/bin/../lib/gcc/arm-none-eabi/12.3.1/../../../../arm-none-eabi/lib/thumb/v7e-m+fp/hard/libc_nano.a(libc_a-strlen.o)
                              build/main.o (strlen)
/Applications/ArmGNUToolchain/12.3.rel1/arm-none-eabi/bin/../lib/gcc/arm-none-eabi/12.3.1/../../../../arm-none-eabi/lib/thumb/v7e-m+fp/hard/libc_nano.a(libc_a-nano-svfprintf.o)
                              /Applications/ArmGNUToolchain/12.3.rel1/arm-none-eabi/bin/../lib/gcc/arm-none-eabi/12.3.1/../../../../arm-none-eabi/lib/thumb/v7e-m+fp/hard/libc_nano.a(libc_a-sprintf.o) (_svfprintf_r)
/Applications/ArmGNUToolchain/12.3.rel1/arm-none-eabi/bin/../lib/gcc/arm-none-eabi/12.3.1/../../../../arm-none-eabi/lib/thumb/v7e-m+fp/hard/libc_nano.a(libc_a-mallocr.o)
                              /Applications/ArmGNUToolchain/12.3.rel1/arm-none-eabi/bin/../lib/gcc/arm-none-eabi/12.3.1/../../../../arm-none-eabi/lib/thumb/v7e-m+fp/hard/libc_nano.a(libc_a-findfp.o) (_malloc_r)
/Applications/ArmGNUToolchain/12.3.rel1/arm-none-eabi/bin/../lib/gcc/arm-none-eabi/12.3.1/../../../../arm-none-eabi/lib/thumb/v7e-m+fp/hard/libc_nano.a(libc_a-nano-vfprintf_i.o)
                              /Applications/ArmGNUToolchain/12.3.rel1/arm-none-eabi/bin/../lib/gcc/arm-none-eabi/12.3.1/../../../../arm-none-eabi/lib/thumb/v7e-m+fp/hard/libc_nano.a(libc_a-nano-svfprintf.o) (_printf_i)
/Applications/ArmGNUToolchain/12.3.rel1/arm-none-eabi/bin/../lib/gcc/arm-none-eabi/12.3.1/../../../../arm-none-eabi/lib/thumb/v7e-m+fp/hard/libc_nano.a(libc_a-fflush.o)
                              /Applications/ArmGNUToolchain/12.3.rel1/arm-none-eabi/bin/../lib/gcc/arm-none-eabi/12.3.1/../../../../arm-none-eabi/lib/thumb/v7e-m+fp/hard/libc_nano.a(libc_a-findfp.o) (_fflush_r)
[...]
Memory Configuration

Name             Origin             Length             Attributes
RAM              0x20000000         0x00018000         xrw
RAM2             0x10000000         0x00008000         xrw
FLASH            0x08000000         0x00100000         xr
*default*        0x00000000         0xffffffff

Linker script and memory map

LOAD /Applications/ArmGNUToolchain/12.3.rel1/arm-none-eabi/bin/../lib/gcc/arm-none-eabi/12.3.1/thumb/v7e-m+fp/hard/crti.o
LOAD /Applications/ArmGNUToolchain/12.3.rel1/arm-none-eabi/bin/../lib/gcc/arm-none-eabi/12.3.1/thumb/v7e-m+fp/hard/crtbegin.o
LOAD /Applications/ArmGNUToolchain/12.3.rel1/arm-none-eabi/bin/../lib/gcc/arm-none-eabi/12.3.1/../../../../arm-none-eabi/lib/thumb/v7e-m+fp/hard/crt0.o
LOAD build/main.o
LOAD build/gpio.o
LOAD build/freertos.o
LOAD build/stm32l4xx_it.o
LOAD build/stm32l4xx_hal_msp.o
LOAD build/stm32l4xx_hal_timebase_tim.o
LOAD build/stm32l4xx_hal.o
LOAD build/stm32l4xx_hal_rcc.o
LOAD build/stm32l4xx_hal_rcc_ex.o
LOAD build/stm32l4xx_hal_flash.o
LOAD build/stm32l4xx_hal_flash_ex.o
LOAD build/stm32l4xx_hal_flash_ramfunc.o
LOAD build/stm32l4xx_hal_gpio.o
LOAD build/stm32l4xx_hal_dma.o
LOAD build/stm32l4xx_hal_dma_ex.o
LOAD build/stm32l4xx_hal_pwr.o
LOAD build/stm32l4xx_hal_pwr_ex.o
LOAD build/stm32l4xx_hal_cortex.o
LOAD build/stm32l4xx_hal_exti.o
LOAD build/stm32l4xx_hal_tim.o
LOAD build/stm32l4xx_hal_tim_ex.o
LOAD build/system_stm32l4xx.o
LOAD build/croutine.o
LOAD build/event_groups.o
LOAD build/list.o
LOAD build/queue.o
LOAD build/stream_buffer.o
LOAD build/tasks.o
LOAD build/timers.o
LOAD build/cmsis_os2.o
LOAD build/heap_4.o
LOAD build/port.o
LOAD build/adc.o
LOAD build/stm32l4xx_hal_adc.o
LOAD build/stm32l4xx_hal_adc_ex.o
LOAD build/usart.o
LOAD build/stm32l4xx_hal_uart.o
LOAD build/stm32l4xx_hal_uart_ex.o
LOAD build/startup_stm32l475xx.o
LOAD /Applications/ArmGNUToolchain/12.3.rel1/arm-none-eabi/bin/../lib/gcc/arm-none-eabi/12.3.1/../../../../arm-none-eabi/lib/thumb/v7e-m+fp/hard/libc_nano.a
LOAD /Applications/ArmGNUToolchain/12.3.rel1/arm-none-eabi/bin/../lib/gcc/arm-none-eabi/12.3.1/../../../../arm-none-eabi/lib/thumb/v7e-m+fp/hard/libm.a
LOAD /Applications/ArmGNUToolchain/12.3.rel1/arm-none-eabi/bin/../lib/gcc/arm-none-eabi/12.3.1/../../../../arm-none-eabi/lib/thumb/v7e-m+fp/hard/libnosys.a
START GROUP
LOAD /Applications/ArmGNUToolchain/12.3.rel1/arm-none-eabi/bin/../lib/gcc/arm-none-eabi/12.3.1/thumb/v7e-m+fp/hard/libgcc.a
LOAD /Applications/ArmGNUToolchain/12.3.rel1/arm-none-eabi/bin/../lib/gcc/arm-none-eabi/12.3.1/../../../../arm-none-eabi/lib/thumb/v7e-m+fp/hard/libc_nano.a
END GROUP
START GROUP
LOAD /Applications/ArmGNUToolchain/12.3.rel1/arm-none-eabi/bin/../lib/gcc/arm-none-eabi/12.3.1/thumb/v7e-m+fp/hard/libgcc.a
LOAD /Applications/ArmGNUToolchain/12.3.rel1/arm-none-eabi/bin/../lib/gcc/arm-none-eabi/12.3.1/../../../../arm-none-eabi/lib/thumb/v7e-m+fp/hard/libc_nano.a
END GROUP
LOAD /Applications/ArmGNUToolchain/12.3.rel1/arm-none-eabi/bin/../lib/gcc/arm-none-eabi/12.3.1/thumb/v7e-m+fp/hard/crtend.o
LOAD /Applications/ArmGNUToolchain/12.3.rel1/arm-none-eabi/bin/../lib/gcc/arm-none-eabi/12.3.1/thumb/v7e-m+fp/hard/crtn.o
                0x20018000                        _estack = (ORIGIN (RAM) + LENGTH (RAM))
                0x00000200                        _Min_Heap_Size = 0x200
                0x00000400                        _Min_Stack_Size = 0x400

.isr_vector     0x08000000      0x188
                0x08000000                        . = ALIGN (0x8)
 *(.isr_vector)
 .isr_vector    0x08000000      0x188 build/startup_stm32l475xx.o
                0x08000000                g_pfnVectors
                0x08000188                        . = ALIGN (0x8)

.text           0x08000190     0x4e60
                0x08000190                        . = ALIGN (0x8)
 *(.text)
 .text          0x08000190       0x10 /Applications/ArmGNUToolchain/12.3.rel1/arm-none-eabi/bin/../lib/gcc/arm-none-eabi/12.3.1/../../../../arm-none-eabi/lib/thumb/v7e-m+fp/hard/libc_nano.a(libc_a-strlen.o)
                0x08000190                strlen
 .text          0x080001a0       0x30 /Applications/ArmGNUToolchain/12.3.rel1/arm-none-eabi/bin/../lib/gcc/arm-none-eabi/12.3.1/thumb/v7e-m+fp/hard/libgcc.a(_aeabi_uldivmod.o)
                0x080001a0                __aeabi_uldivmod
 .text          0x080001d0        0x4 /Applications/ArmGNUToolchain/12.3.rel1/arm-none-eabi/bin/../lib/gcc/arm-none-eabi/12.3.1/thumb/v7e-m+fp/hard/libgcc.a(_dvmd_tls.o)
                0x080001d0                __aeabi_ldiv0
                0x080001d0                __aeabi_idiv0
 *(.text*)
 .text.deregister_tm_clones
                0x080001d4       0x1c /Applications/ArmGNUToolchain/12.3.rel1/arm-none-eabi/bin/../lib/gcc/arm-none-eabi/12.3.1/thumb/v7e-m+fp/hard/crtbegin.o
 .text.register_tm_clones
                0x080001f0       0x24 /Applications/ArmGNUToolchain/12.3.rel1/arm-none-eabi/bin/../lib/gcc/arm-none-eabi/12.3.1/thumb/v7e-m+fp/hard/crtbegin.o
 .text.__do_global_dtors_aux
                0x08000214       0x28 /Applications/ArmGNUToolchain/12.3.rel1/arm-none-eabi/bin/../lib/gcc/arm-none-eabi/12.3.1/thumb/v7e-m+fp/hard/crtbegin.o
 .text.frame_dummy
                0x0800023c       0x24 /Applications/ArmGNUToolchain/12.3.rel1/arm-none-eabi/bin/../lib/gcc/arm-none-eabi/12.3.1/thumb/v7e-m+fp/hard/crtbegin.o
 .text.LedFlashTask
                0x08000260       0x16 build/main.o
                0x08000260                LedFlashTask
 *fill*         0x08000276        0x2 
 .text.ButtonTask
                0x08000278      0x120 build/main.o
                0x08000278                ButtonTask
 .text.HAL_TIM_PeriodElapsedCallback
                0x08000398       0x18 build/main.o
                0x08000398                HAL_TIM_PeriodElapsedCallback
 .text.Error_Handler
                0x080003b0        0x4 build/main.o
                0x080003b0                Error_Handler
 .text.SystemClock_Config
                0x080003b4       0x7c build/main.o
                0x080003b4                SystemClock_Config
 .text.PeriphCommonClock_Config
                0x08000430       0x46 build/main.o
                0x08000430                PeriphCommonClock_Config
 *fill*         0x08000476        0x2 
 .text.main     0x08000478       0x6c build/main.o
                0x08000478                main
 .text.MX_GPIO_Init
                0x080004e4       0xac build/gpio.o
                0x080004e4                MX_GPIO_Init
 .text.StartDefaultTask
                0x08000590        0xa build/freertos.o
                0x08000590                StartDefaultTask
 *fill*         0x0800059a        0x2 
 .text.MX_FREERTOS_Init
                0x0800059c       0x20 build/freertos.o
                0x0800059c                MX_FREERTOS_Init
 .text.NMI_Handler
                0x080005bc        0x2 build/stm32l4xx_it.o
                0x080005bc                NMI_Handler
 .text.HardFault_Handler
                0x080005be        0x2 build/stm32l4xx_it.o
                0x080005be                HardFault_Handler
 .text.MemManage_Handler
                0x080005c0        0x2 build/stm32l4xx_it.o
                0x080005c0                MemManage_Handler
 .text.BusFault_Handler
                0x080005c2        0x2 build/stm32l4xx_it.o
                0x080005c2                BusFault_Handler
 .text.UsageFault_Handler
                0x080005c4        0x2 build/stm32l4xx_it.o
                0x080005c4                UsageFault_Handler
 .text.DebugMon_Handler
                0x080005c6        0x2 build/stm32l4xx_it.o
                0x080005c6                DebugMon_Handler
 .text.TIM1_UP_TIM16_IRQHandler
                0x080005c8       0x10 build/stm32l4xx_it.o
                0x080005c8                TIM1_UP_TIM16_IRQHandler
 .text.HAL_MspInit
                0x080005d8       0x40 build/stm32l4xx_hal_msp.o
                0x080005d8                HAL_MspInit
 .text.HAL_InitTick
                0x08000618       0x94 build/stm32l4xx_hal_timebase_tim.o
                0x08000618                HAL_InitTick
 .text.HAL_Init
                0x080006ac       0x1e build/stm32l4xx_hal.o
                0x080006ac                HAL_Init
 *fill*         0x080006ca        0x2 
 .text.HAL_IncTick
                0x080006cc       0x18 build/stm32l4xx_hal.o
                0x080006cc                HAL_IncTick
 .text.HAL_GetTick
                0x080006e4        0xc build/stm32l4xx_hal.o
                0x080006e4                HAL_GetTick
 .text.RCC_SetFlashLatencyFromMSIRange
                0x080006f0       0x90 build/stm32l4xx_hal_rcc.o
 .text.HAL_RCC_GetSysClockFreq
                0x08000780       0xb4 build/stm32l4xx_hal_rcc.o
                0x08000780                HAL_RCC_GetSysClockFreq
 .text.HAL_RCC_OscConfig
                0x08000834      0x61c build/stm32l4xx_hal_rcc.o
                0x08000834                HAL_RCC_OscConfig
 .text.HAL_RCC_ClockConfig
                0x08000e50      0x188 build/stm32l4xx_hal_rcc.o
                0x08000e50                HAL_RCC_ClockConfig
 .text.HAL_RCC_GetHCLKFreq
                0x08000fd8        0xc build/stm32l4xx_hal_rcc.o
                0x08000fd8                HAL_RCC_GetHCLKFreq
 .text.HAL_RCC_GetPCLK1Freq
                0x08000fe4       0x24 build/stm32l4xx_hal_rcc.o
                0x08000fe4                HAL_RCC_GetPCLK1Freq
 .text.HAL_RCC_GetPCLK2Freq
                0x08001008       0x24 build/stm32l4xx_hal_rcc.o
                0x08001008                HAL_RCC_GetPCLK2Freq
 .text.HAL_RCC_GetClockConfig
                0x0800102c       0x3c build/stm32l4xx_hal_rcc.o
                0x0800102c                HAL_RCC_GetClockConfig
 .text.RCCEx_PLLSAI1_Config
                0x08001068      0x170 build/stm32l4xx_hal_rcc_ex.o
 .text.RCCEx_PLLSAI2_Config
                0x080011d8      0x14c build/stm32l4xx_hal_rcc_ex.o
 .text.HAL_RCCEx_PeriphCLKConfig
                0x08001324      0x454 build/stm32l4xx_hal_rcc_ex.o
                0x08001324                HAL_RCCEx_PeriphCLKConfig
 .text.HAL_GPIO_Init
                0x08001778      0x200 build/stm32l4xx_hal_gpio.o
                0x08001778                HAL_GPIO_Init
 .text.HAL_GPIO_ReadPin
                0x08001978        0xe build/stm32l4xx_hal_gpio.o
                0x08001978                HAL_GPIO_ReadPin
 .text.HAL_GPIO_WritePin
                0x08001986        0xa build/stm32l4xx_hal_gpio.o
                0x08001986                HAL_GPIO_WritePin
 .text.HAL_GPIO_TogglePin
                0x08001990       0x12 build/stm32l4xx_hal_gpio.o
                0x08001990                HAL_GPIO_TogglePin
 *fill*         0x080019a2        0x2 
 .text.HAL_PWREx_GetVoltageRange
                0x080019a4       0x10 build/stm32l4xx_hal_pwr_ex.o
                0x080019a4                HAL_PWREx_GetVoltageRange
 .text.HAL_PWREx_ControlVoltageScaling
                0x080019b4       0x90 build/stm32l4xx_hal_pwr_ex.o
                0x080019b4                HAL_PWREx_ControlVoltageScaling
 .text.__NVIC_EnableIRQ
                0x08001a44       0x1c build/stm32l4xx_hal_cortex.o
 .text.__NVIC_SetPriority
                0x08001a60       0x28 build/stm32l4xx_hal_cortex.o
 .text.NVIC_EncodePriority
                0x08001a88       0x3e build/stm32l4xx_hal_cortex.o
 *fill*         0x08001ac6        0x2 
 .text.HAL_NVIC_SetPriorityGrouping
                0x08001ac8       0x24 build/stm32l4xx_hal_cortex.o
                0x08001ac8                HAL_NVIC_SetPriorityGrouping
 .text.HAL_NVIC_SetPriority
                0x08001aec       0x20 build/stm32l4xx_hal_cortex.o
                0x08001aec                HAL_NVIC_SetPriority
 .text.HAL_NVIC_EnableIRQ
                0x08001b0c        0x8 build/stm32l4xx_hal_cortex.o
                0x08001b0c                HAL_NVIC_EnableIRQ
 .text.HAL_TIM_Base_MspInit
                0x08001b14        0x2 build/stm32l4xx_hal_tim.o
                0x08001b14                HAL_TIM_Base_MspInit
 *fill*         0x08001b16        0x2 
 .text.HAL_TIM_Base_Start_IT
                0x08001b18       0x8c build/stm32l4xx_hal_tim.o
                0x08001b18                HAL_TIM_Base_Start_IT
 .text.HAL_TIM_OC_DelayElapsedCallback
                0x08001ba4        0x2 build/stm32l4xx_hal_tim.o
                0x08001ba4                HAL_TIM_OC_DelayElapsedCallback
 .text.HAL_TIM_IC_CaptureCallback
                0x08001ba6        0x2 build/stm32l4xx_hal_tim.o
                0x08001ba6                HAL_TIM_IC_CaptureCallback
 .text.HAL_TIM_PWM_PulseFinishedCallback
                0x08001ba8        0x2 build/stm32l4xx_hal_tim.o
                0x08001ba8                HAL_TIM_PWM_PulseFinishedCallback
 .text.HAL_TIM_TriggerCallback
                0x08001baa        0x2 build/stm32l4xx_hal_tim.o
                0x08001baa                HAL_TIM_TriggerCallback
 .text.HAL_TIM_IRQHandler
                0x08001bac      0x17a build/stm32l4xx_hal_tim.o
                0x08001bac                HAL_TIM_IRQHandler
 *fill*         0x08001d26        0x2 
 .text.TIM_Base_SetConfig
                0x08001d28       0xc8 build/stm32l4xx_hal_tim.o
                0x08001d28                TIM_Base_SetConfig
 .text.HAL_TIM_Base_Init
                0x08001df0       0x60 build/stm32l4xx_hal_tim.o
                0x08001df0                HAL_TIM_Base_Init
 .text.HAL_TIMEx_CommutCallback
                0x08001e50        0x2 build/stm32l4xx_hal_tim_ex.o
                0x08001e50                HAL_TIMEx_CommutCallback
 .text.HAL_TIMEx_BreakCallback
                0x08001e52        0x2 build/stm32l4xx_hal_tim_ex.o
                0x08001e52                HAL_TIMEx_BreakCallback
 .text.HAL_TIMEx_Break2Callback
                0x08001e54        0x2 build/stm32l4xx_hal_tim_ex.o
                0x08001e54                HAL_TIMEx_Break2Callback
 *fill*         0x08001e56        0x2 
 .text.SystemInit
                0x08001e58       0x14 build/system_stm32l4xx.o
                0x08001e58                SystemInit
 .text.vListInitialise
                0x08001e6c       0x16 build/list.o
                0x08001e6c                vListInitialise
 .text.vListInitialiseItem
                0x08001e82        0x6 build/list.o
                0x08001e82                vListInitialiseItem
 .text.vListInsertEnd
                0x08001e88       0x16 build/list.o
                0x08001e88                vListInsertEnd
 .text.vListInsert
                0x08001e9e       0x32 build/list.o
                0x08001e9e                vListInsert
 .text.uxListRemove
                0x08001ed0       0x26 build/list.o
                0x08001ed0                uxListRemove
 .text.prvIsQueueFull
                0x08001ef6       0x1e build/queue.o
 .text.prvIsQueueEmpty
                0x08001f14       0x1a build/queue.o
 .text.prvCopyDataToQueue
                0x08001f2e       0x76 build/queue.o
 .text.prvCopyDataFromQueue
                0x08001fa4       0x24 build/queue.o
 .text.prvUnlockQueue
                0x08001fc8       0x6e build/queue.o
 .text.xQueueGenericReset
                0x08002036       0x84 build/queue.o
                0x08002036                xQueueGenericReset
 .text.prvInitialiseNewQueue
                0x080020ba       0x22 build/queue.o
 .text.xQueueGenericCreateStatic
                0x080020dc       0x94 build/queue.o
                0x080020dc                xQueueGenericCreateStatic
 .text.xQueueGenericSend
                0x08002170      0x188 build/queue.o
                0x08002170                xQueueGenericSend
 .text.xQueueGenericSendFromISR
                0x080022f8       0xce build/queue.o
                0x080022f8                xQueueGenericSendFromISR
 .text.xQueueReceive
                0x080023c6      0x15e build/queue.o
                0x080023c6                xQueueReceive
 .text.vQueueAddToRegistry
                0x08002524       0x28 build/queue.o
                0x08002524                vQueueAddToRegistry
 .text.vQueueWaitForMessageRestricted
                0x0800254c       0x52 build/queue.o
                0x0800254c                vQueueWaitForMessageRestricted
 *fill*         0x0800259e        0x2 
 .text.prvResetNextTaskUnblockTime
                0x080025a0       0x2c build/tasks.o
 .text.prvInitialiseNewTask
                0x080025cc       0xa2 build/tasks.o
 *fill*         0x0800266e        0x2 
 .text.prvInitialiseTaskLists
                0x08002670       0x68 build/tasks.o
 .text.prvAddNewTaskToReadyList
                0x080026d8       0xac build/tasks.o
 .text.prvDeleteTCB
                0x08002784       0x38 build/tasks.o
 .text.prvCheckTasksWaitingTermination
                0x080027bc       0x4c build/tasks.o
 .text.prvIdleTask
                0x08002808       0x28 build/tasks.o
 .text.prvAddCurrentTaskToDelayedList
                0x08002830       0x7c build/tasks.o
 .text.xTaskCreateStatic
                0x080028ac       0x76 build/tasks.o
                0x080028ac                xTaskCreateStatic
 .text.xTaskCreate
                0x08002922       0x64 build/tasks.o
                0x08002922                xTaskCreate
 *fill*         0x08002986        0x2 
 .text.vTaskStartScheduler
                0x08002988       0x98 build/tasks.o
                0x08002988                vTaskStartScheduler
 .text.vTaskSuspendAll
                0x08002a20       0x10 build/tasks.o
                0x08002a20                vTaskSuspendAll
 .text.xTaskGetTickCount
                0x08002a30        0xc build/tasks.o
                0x08002a30                xTaskGetTickCount
 .text.xTaskIncrementTick
                0x08002a3c      0x118 build/tasks.o
                0x08002a3c                xTaskIncrementTick
 .text.xTaskResumeAll
                0x08002b54       0xf8 build/tasks.o
                0x08002b54                xTaskResumeAll
 .text.vTaskDelay
                0x08002c4c       0x4c build/tasks.o
                0x08002c4c                vTaskDelay
 .text.vTaskSwitchContext
                0x08002c98       0x98 build/tasks.o
                0x08002c98                vTaskSwitchContext
 .text.vTaskPlaceOnEventList
                0x08002d30       0x30 build/tasks.o
                0x08002d30                vTaskPlaceOnEventList
 .text.vTaskPlaceOnEventListRestricted
                0x08002d60       0x38 build/tasks.o
                0x08002d60                vTaskPlaceOnEventListRestricted
 .text.xTaskRemoveFromEventList
                0x08002d98       0x8c build/tasks.o
                0x08002d98                xTaskRemoveFromEventList
 .text.vTaskInternalSetTimeOutState
                0x08002e24       0x18 build/tasks.o
                0x08002e24                vTaskInternalSetTimeOutState
 .text.xTaskCheckForTimeOut
                0x08002e3c       0x84 build/tasks.o
                0x08002e3c                xTaskCheckForTimeOut
 .text.vTaskMissedYield
                0x08002ec0        0xc build/tasks.o
                0x08002ec0                vTaskMissedYield
 .text.xTaskGetSchedulerState
                0x08002ecc       0x20 build/tasks.o
                0x08002ecc                xTaskGetSchedulerState
 .text.xTaskPriorityDisinherit
                0x08002eec       0x90 build/tasks.o
                0x08002eec                xTaskPriorityDisinherit
 .text.prvGetNextExpireTime
                0x08002f7c       0x20 build/timers.o
 .text.prvInsertTimerInActiveList
                0x08002f9c       0x48 build/timers.o
 .text.prvCheckForValidListAndQueue
                0x08002fe4       0x70 build/timers.o
 .text.xTimerCreateTimerTask
                0x08003054       0x64 build/timers.o
                0x08003054                xTimerCreateTimerTask
 .text.xTimerGenericCommand
                0x080030b8       0x6c build/timers.o
                0x080030b8                xTimerGenericCommand
 .text.prvSwitchTimerLists
                0x08003124       0x7c build/timers.o
 .text.prvSampleTimeNow
                0x080031a0       0x2c build/timers.o
 .text.prvProcessExpiredTimer
                0x080031cc       0x6c build/timers.o
 .text.prvProcessTimerOrBlockTask
                0x08003238       0x74 build/timers.o
 .text.prvProcessReceivedCommands
                0x080032ac      0x10c build/timers.o
 .text.prvTimerTask
                0x080033b8       0x16 build/timers.o
 .text.SysTick_Handler
                0x080033ce       0x18 build/cmsis_os2.o
                0x080033ce                SysTick_Handler
 *fill*         0x080033e6        0x2 
 .text.osKernelInitialize
                0x080033e8       0x24 build/cmsis_os2.o
                0x080033e8                osKernelInitialize
 .text.osKernelStart
                0x0800340c       0x38 build/cmsis_os2.o
                0x0800340c                osKernelStart
 .text.osThreadNew
                0x08003444       0xbc build/cmsis_os2.o
                0x08003444                osThreadNew
 .text.osDelay  0x08003500       0x1c build/cmsis_os2.o
                0x08003500                osDelay
 .text.vApplicationGetIdleTaskMemory
                0x0800351c       0x18 build/cmsis_os2.o
                0x0800351c                vApplicationGetIdleTaskMemory
 .text.vApplicationGetTimerTaskMemory
                0x08003534       0x18 build/cmsis_os2.o
                0x08003534                vApplicationGetTimerTaskMemory
 .text.prvHeapInit
                0x0800354c       0x68 build/heap_4.o
 .text.prvInsertBlockIntoFreeList
                0x080035b4       0x64 build/heap_4.o
 .text.pvPortMalloc
                0x08003618      0x104 build/heap_4.o
                0x08003618                pvPortMalloc
 .text.vPortFree
                0x0800371c       0x7c build/heap_4.o
                0x0800371c                vPortFree
 .text.prvTaskExitError
                0x08003798       0x40 build/port.o
 .text.prvPortStartFirstTask
                0x080037d8       0x28 build/port.o
 .text.vPortEnableVFP
                0x08003800       0x14 build/port.o
 .text.pxPortInitialiseStack
                0x08003814       0x2c build/port.o
                0x08003814                pxPortInitialiseStack
 .text.SVC_Handler
                0x08003840       0x24 build/port.o
                0x08003840                SVC_Handler
 .text.vPortEnterCritical
                0x08003864       0x44 build/port.o
                0x08003864                vPortEnterCritical
 .text.vPortExitCritical
                0x080038a8       0x2c build/port.o
                0x080038a8                vPortExitCritical
 *fill*         0x080038d4        0xc 
 .text.PendSV_Handler
                0x080038e0       0x64 build/port.o
                0x080038e0                PendSV_Handler
 .text.xPortSysTickHandler
                0x08003944       0x2c build/port.o
                0x08003944                xPortSysTickHandler
 .text.vPortSetupTimerInterrupt
                0x08003970       0x28 build/port.o
                0x08003970                vPortSetupTimerInterrupt
 .text.xPortStartScheduler
                0x08003998      0x118 build/port.o
                0x08003998                xPortStartScheduler
 .text.vPortValidateInterruptPriority
                0x08003ab0       0x5c build/port.o
                0x08003ab0                vPortValidateInterruptPriority
 .text.MX_ADC1_Init
                0x08003b0c       0xa0 build/adc.o
                0x08003b0c                MX_ADC1_Init
 .text.MX_ADC2_Init
                0x08003bac       0x84 build/adc.o
                0x08003bac                MX_ADC2_Init
 .text.HAL_ADC_MspInit
                0x08003c30       0xc8 build/adc.o
                0x08003c30                HAL_ADC_MspInit
 .text.LL_ADC_REG_SetSequencerRanks
                0x08003cf8       0x30 build/stm32l4xx_hal_adc.o
 .text.LL_ADC_SetChannelSamplingTime
                0x08003d28       0x2c build/stm32l4xx_hal_adc.o
 .text.HAL_ADC_Init
                0x08003d54      0x1f8 build/stm32l4xx_hal_adc.o
                0x08003d54                HAL_ADC_Init
 .text.HAL_ADC_ConfigChannel
                0x08003f4c      0x440 build/stm32l4xx_hal_adc.o
                0x08003f4c                HAL_ADC_ConfigChannel
 .text.HAL_ADCEx_MultiModeConfigChannel
                0x0800438c      0x138 build/stm32l4xx_hal_adc_ex.o
                0x0800438c                HAL_ADCEx_MultiModeConfigChannel
 .text.MX_USART2_UART_Init
                0x080044c4       0x38 build/usart.o
                0x080044c4                MX_USART2_UART_Init
 .text.HAL_UART_MspInit
                0x080044fc       0x88 build/usart.o
                0x080044fc                HAL_UART_MspInit
 .text.UART_EndRxTransfer
                0x08004584       0x52 build/stm32l4xx_hal_uart.o
 *fill*         0x080045d6        0x2 
 .text.UART_SetConfig
                0x080045d8      0x328 build/stm32l4xx_hal_uart.o
                0x080045d8                UART_SetConfig
 .text.UART_AdvFeatureConfig
                0x08004900       0xca build/stm32l4xx_hal_uart.o
                0x08004900                UART_AdvFeatureConfig
 .text.UART_WaitOnFlagUntilTimeout
                0x080049ca       0x96 build/stm32l4xx_hal_uart.o
                0x080049ca                UART_WaitOnFlagUntilTimeout
 .text.HAL_UART_Transmit
                0x08004a60       0xc8 build/stm32l4xx_hal_uart.o
                0x08004a60                HAL_UART_Transmit
 .text.UART_CheckIdleState
                0x08004b28       0xc6 build/stm32l4xx_hal_uart.o
                0x08004b28                UART_CheckIdleState
 .text.HAL_UART_Init
                0x08004bee       0x62 build/stm32l4xx_hal_uart.o
                0x08004bee                HAL_UART_Init
 .text.Reset_Handler
                0x08004c50       0x50 build/startup_stm32l475xx.o
                0x08004c50                Reset_Handler
 .text.Default_Handler
                0x08004ca0        0x2 build/startup_stm32l475xx.o
                0x08004ca0                TIM1_BRK_TIM15_IRQHandler
                0x08004ca0                EXTI2_IRQHandler
                0x08004ca0                TIM8_TRG_COM_IRQHandler
                0x08004ca0                TIM8_CC_IRQHandler
                0x08004ca0                TIM1_CC_IRQHandler
                0x08004ca0                TSC_IRQHandler
                0x08004ca0                TAMP_STAMP_IRQHandler
                0x08004ca0                EXTI3_IRQHandler
                0x08004ca0                LPTIM2_IRQHandler
                0x08004ca0                DFSDM1_FLT1_IRQHandler
                0x08004ca0                I2C3_ER_IRQHandler
                0x08004ca0                DFSDM1_FLT2_IRQHandler
                0x08004ca0                EXTI0_IRQHandler
                0x08004ca0                I2C2_EV_IRQHandler
                0x08004ca0                CAN1_RX0_IRQHandler
                0x08004ca0                FPU_IRQHandler
                0x08004ca0                ADC1_2_IRQHandler
                0x08004ca0                SPI1_IRQHandler
                0x08004ca0                TIM6_DAC_IRQHandler
                0x08004ca0                TIM8_UP_IRQHandler
                0x08004ca0                DMA2_Channel2_IRQHandler
                0x08004ca0                DMA1_Channel4_IRQHandler
                0x08004ca0                SAI2_IRQHandler
                0x08004ca0                DFSDM1_FLT3_IRQHandler
                0x08004ca0                USART3_IRQHandler
                0x08004ca0                DMA1_Channel7_IRQHandler
                0x08004ca0                CAN1_RX1_IRQHandler
                0x08004ca0                UART5_IRQHandler
                0x08004ca0                ADC3_IRQHandler
                0x08004ca0                TIM4_IRQHandler
                0x08004ca0                DMA2_Channel1_IRQHandler
                0x08004ca0                QUADSPI_IRQHandler
                0x08004ca0                I2C1_EV_IRQHandler
                0x08004ca0                DMA1_Channel6_IRQHandler
                0x08004ca0                UART4_IRQHandler
                0x08004ca0                DMA2_Channel4_IRQHandler
                0x08004ca0                TIM3_IRQHandler
                0x08004ca0                RCC_IRQHandler
                0x08004ca0                DMA1_Channel1_IRQHandler
                0x08004ca0                Default_Handler
                0x08004ca0                DMA2_Channel7_IRQHandler
                0x08004ca0                EXTI15_10_IRQHandler
                0x08004ca0                TIM7_IRQHandler
                0x08004ca0                SDMMC1_IRQHandler
                0x08004ca0                TIM5_IRQHandler
                0x08004ca0                I2C3_EV_IRQHandler
                0x08004ca0                EXTI9_5_IRQHandler
                0x08004ca0                RTC_WKUP_IRQHandler
                0x08004ca0                PVD_PVM_IRQHandler
                0x08004ca0                SPI2_IRQHandler
                0x08004ca0                CAN1_TX_IRQHandler
                0x08004ca0                DMA2_Channel5_IRQHandler
                0x08004ca0                DMA1_Channel5_IRQHandler
                0x08004ca0                EXTI4_IRQHandler
                0x08004ca0                RNG_IRQHandler
                0x08004ca0                TIM1_TRG_COM_TIM17_IRQHandler
                0x08004ca0                DMA1_Channel3_IRQHandler
                0x08004ca0                COMP_IRQHandler
                0x08004ca0                WWDG_IRQHandler
                0x08004ca0                LPUART1_IRQHandler
                0x08004ca0                DMA2_Channel6_IRQHandler
                0x08004ca0                TIM2_IRQHandler
                0x08004ca0                EXTI1_IRQHandler
                0x08004ca0                USART2_IRQHandler
                0x08004ca0                DFSDM1_FLT0_IRQHandler
                0x08004ca0                I2C2_ER_IRQHandler
                0x08004ca0                DMA1_Channel2_IRQHandler
                0x08004ca0                TIM8_BRK_IRQHandler
                0x08004ca0                CAN1_SCE_IRQHandler
                0x08004ca0                FLASH_IRQHandler
                0x08004ca0                USART1_IRQHandler
                0x08004ca0                OTG_FS_IRQHandler
                0x08004ca0                SPI3_IRQHandler
                0x08004ca0                I2C1_ER_IRQHandler
                0x08004ca0                FMC_IRQHandler
                0x08004ca0                SWPMI1_IRQHandler
                0x08004ca0                LPTIM1_IRQHandler
                0x08004ca0                SAI1_IRQHandler
                0x08004ca0                DMA2_Channel3_IRQHandler
                0x08004ca0                RTC_Alarm_IRQHandler
 .text.memset   0x08004ca2       0x10 /Applications/ArmGNUToolchain/12.3.rel1/arm-none-eabi/bin/../lib/gcc/arm-none-eabi/12.3.1/../../../../arm-none-eabi/lib/thumb/v7e-m+fp/hard/libc_nano.a(libc_a-memset.o)
                0x08004ca2                memset
 *fill*         0x08004cb2        0x2 
 .text.__libc_init_array
                0x08004cb4       0x48 /Applications/ArmGNUToolchain/12.3.rel1/arm-none-eabi/bin/../lib/gcc/arm-none-eabi/12.3.1/../../../../arm-none-eabi/lib/thumb/v7e-m+fp/hard/libc_nano.a(libc_a-init.o)
                0x08004cb4                __libc_init_array
 .text.memcpy   0x08004cfc       0x1c /Applications/ArmGNUToolchain/12.3.rel1/arm-none-eabi/bin/../lib/gcc/arm-none-eabi/12.3.1/../../../../arm-none-eabi/lib/thumb/v7e-m+fp/hard/libc_nano.a(libc_a-memcpy-stub.o)
                0x08004cfc                memcpy
 .text.__udivmoddi4
                0x08004d18      0x2bc /Applications/ArmGNUToolchain/12.3.rel1/arm-none-eabi/bin/../lib/gcc/arm-none-eabi/12.3.1/thumb/v7e-m+fp/hard/libgcc.a(_udivmoddi4.o)
                0x08004d18                __udivmoddi4
 *(.glue_7)
 .glue_7        0x08004fd4        0x0 linker stubs
 *(.glue_7t)
 .glue_7t       0x08004fd4        0x0 linker stubs
 *(.eh_frame)
 .eh_frame      0x08004fd4        0x0 /Applications/ArmGNUToolchain/12.3.rel1/arm-none-eabi/bin/../lib/gcc/arm-none-eabi/12.3.1/thumb/v7e-m+fp/hard/crtbegin.o
 *(.init)
 .init          0x08004fd4        0x4 /Applications/ArmGNUToolchain/12.3.rel1/arm-none-eabi/bin/../lib/gcc/arm-none-eabi/12.3.1/thumb/v7e-m+fp/hard/crti.o
                0x08004fd4                _init
 .init          0x08004fd8        0x8 /Applications/ArmGNUToolchain/12.3.rel1/arm-none-eabi/bin/../lib/gcc/arm-none-eabi/12.3.1/thumb/v7e-m+fp/hard/crtn.o
 *(.fini)
 .fini          0x08004fe0        0x4 /Applications/ArmGNUToolchain/12.3.rel1/arm-none-eabi/bin/../lib/gcc/arm-none-eabi/12.3.1/thumb/v7e-m+fp/hard/crti.o
                0x08004fe0                _fini
 .fini          0x08004fe4        0x8 /Applications/ArmGNUToolchain/12.3.rel1/arm-none-eabi/bin/../lib/gcc/arm-none-eabi/12.3.1/thumb/v7e-m+fp/hard/crtn.o
                0x08004ff0                        . = ALIGN (0x8)
 *fill*         0x08004fec        0x4 
                0x08004ff0                        _etext = .

.vfp11_veneer   0x08004ff0        0x0
 .vfp11_veneer  0x08004ff0        0x0 linker stubs

.v4_bx          0x08004ff0        0x0
 .v4_bx         0x08004ff0        0x0 linker stubs

.iplt           0x08004ff0        0x0
 .iplt          0x08004ff0        0x0 /Applications/ArmGNUToolchain/12.3.rel1/arm-none-eabi/bin/../lib/gcc/arm-none-eabi/12.3.1/thumb/v7e-m+fp/hard/crtbegin.o

.rodata         0x08004ff0       0xd0
                0x08004ff0                        . = ALIGN (0x8)
 *(.rodata)
 *(.rodata*)
 .rodata.ButtonTask.str1.4
                0x08004ff0       0x24 build/main.o
 .rodata.main.str1.4
                0x08005014       0x1c build/main.o
 .rodata.str1.4
                0x08005030        0xc build/freertos.o
 .rodata.defaultTask_attributes
                0x0800503c       0x24 build/freertos.o
                0x0800503c                defaultTask_attributes
 .rodata.MSIRangeTable
                0x08005060       0x30 build/system_stm32l4xx.o
                0x08005060                MSIRangeTable
 .rodata.APBPrescTable
                0x08005090        0x8 build/system_stm32l4xx.o
                0x08005090                APBPrescTable
 .rodata.AHBPrescTable
                0x08005098       0x10 build/system_stm32l4xx.o
                0x08005098                AHBPrescTable
 .rodata.vTaskStartScheduler.str1.4
                0x080050a8        0x5 build/tasks.o
 *fill*         0x080050ad        0x3 
 .rodata.prvCheckForValidListAndQueue.str1.4
                0x080050b0        0x5 build/timers.o
 *fill*         0x080050b5        0x3 
 .rodata.xTimerCreateTimerTask.str1.4
                0x080050b8        0x8 build/timers.o
                0x080050c0                        . = ALIGN (0x8)

.ARM.extab      0x080050c0        0x0
                0x080050c0                        . = ALIGN (0x8)
 *(.ARM.extab* .gnu.linkonce.armextab.*)
                0x080050c0                        . = ALIGN (0x8)

.ARM            0x080050c0        0x8
                0x080050c0                        . = ALIGN (0x8)
                0x080050c0                        __exidx_start = .
 *(.ARM.exidx*)
 .ARM.exidx     0x080050c0        0x8 /Applications/ArmGNUToolchain/12.3.rel1/arm-none-eabi/bin/../lib/gcc/arm-none-eabi/12.3.1/../../../../arm-none-eabi/lib/thumb/v7e-m+fp/hard/libc_nano.a(libc_a-strlen.o)
 .ARM.exidx.text.__udivmoddi4
                0x080050c8        0x0 /Applications/ArmGNUToolchain/12.3.rel1/arm-none-eabi/bin/../lib/gcc/arm-none-eabi/12.3.1/thumb/v7e-m+fp/hard/libgcc.a(_udivmoddi4.o)
                                  0x8 (size before relaxing)
                0x080050c8                        __exidx_end = .
                0x080050c8                        . = ALIGN (0x8)

.rel.dyn        0x080050c8        0x0
 .rel.iplt      0x080050c8        0x0 /Applications/ArmGNUToolchain/12.3.rel1/arm-none-eabi/bin/../lib/gcc/arm-none-eabi/12.3.1/thumb/v7e-m+fp/hard/crtbegin.o

.preinit_array  0x080050c8        0x0
                0x080050c8                        . = ALIGN (0x8)
                0x080050c8                        PROVIDE (__preinit_array_start = .)
 *(.preinit_array*)
                0x080050c8                        PROVIDE (__preinit_array_end = .)
                0x080050c8                        . = ALIGN (0x8)

.init_array     0x080050c8        0x8
                0x080050c8                        . = ALIGN (0x8)
                0x080050c8                        PROVIDE (__init_array_start = .)
 *(SORT_BY_NAME(.init_array.*))
 *(.init_array*)
 .init_array    0x080050c8        0x4 /Applications/ArmGNUToolchain/12.3.rel1/arm-none-eabi/bin/../lib/gcc/arm-none-eabi/12.3.1/thumb/v7e-m+fp/hard/crtbegin.o
                0x080050cc                        PROVIDE (__init_array_end = .)
                0x080050d0                        . = ALIGN (0x8)
 *fill*         0x080050cc        0x4 

.fini_array     0x080050d0        0x8
                0x080050d0                        . = ALIGN (0x8)
                [!provide]                        PROVIDE (__fini_array_start = .)
 *(SORT_BY_NAME(.fini_array.*))
 *(.fini_array*)
 .fini_array    0x080050d0        0x4 /Applications/ArmGNUToolchain/12.3.rel1/arm-none-eabi/bin/../lib/gcc/arm-none-eabi/12.3.1/thumb/v7e-m+fp/hard/crtbegin.o
                [!provide]                        PROVIDE (__fini_array_end = .)
                0x080050d8                        . = ALIGN (0x8)
 *fill*         0x080050d4        0x4 
                0x080050d8                        _sidata = LOADADDR (.data)

.data           0x20000000       0x10 load address 0x080050d8
                0x20000000                        . = ALIGN (0x8)
                0x20000000                        _sdata = .
 *(.data)
 *(.data*)
 .data.uwTickFreq
                0x20000000        0x1 build/stm32l4xx_hal.o
                0x20000000                uwTickFreq
 *fill*         0x20000001        0x3 
 .data.uwTickPrio
                0x20000004        0x4 build/stm32l4xx_hal.o
                0x20000004                uwTickPrio
 .data.SystemCoreClock
                0x20000008        0x4 build/system_stm32l4xx.o
                0x20000008                SystemCoreClock
 .data.uxCriticalNesting
                0x2000000c        0x4 build/port.o
                0x20000010                        . = ALIGN (0x8)
                0x20000010                        _edata = .

.tm_clone_table
                0x20000010        0x0 load address 0x080050e8
 .tm_clone_table
                0x20000010        0x0 /Applications/ArmGNUToolchain/12.3.rel1/arm-none-eabi/bin/../lib/gcc/arm-none-eabi/12.3.1/thumb/v7e-m+fp/hard/crtbegin.o
 .tm_clone_table
                0x20000010        0x0 /Applications/ArmGNUToolchain/12.3.rel1/arm-none-eabi/bin/../lib/gcc/arm-none-eabi/12.3.1/thumb/v7e-m+fp/hard/crtend.o

.igot.plt       0x20000010        0x0 load address 0x080050e8
 .igot.plt      0x20000010        0x0 /Applications/ArmGNUToolchain/12.3.rel1/arm-none-eabi/bin/../lib/gcc/arm-none-eabi/12.3.1/thumb/v7e-m+fp/hard/crtbegin.o
                0x20000010                        . = ALIGN (0x4)

.bss            0x20000010     0x1ad4 load address 0x080050e8
                0x20000010                        _sbss = .
                0x20000010                        __bss_start__ = _sbss
 *(.bss)
 *(.bss*)
 .bss.completed.1
                0x20000010        0x1 /Applications/ArmGNUToolchain/12.3.rel1/arm-none-eabi/bin/../lib/gcc/arm-none-eabi/12.3.1/thumb/v7e-m+fp/hard/crtbegin.o
 *fill*         0x20000011        0x3 
 .bss.object.0  0x20000014       0x18 /Applications/ArmGNUToolchain/12.3.rel1/arm-none-eabi/bin/../lib/gcc/arm-none-eabi/12.3.1/thumb/v7e-m+fp/hard/crtbegin.o
 .bss.ButtonHandle
                0x2000002c        0x4 build/main.o
                0x2000002c                ButtonHandle
 .bss.LedFlashHandle
                0x20000030        0x4 build/main.o
                0x20000030                LedFlashHandle
 .bss.defaultTaskHandle
                0x20000034        0x4 build/freertos.o
                0x20000034                defaultTaskHandle
 .bss.htim1     0x20000038       0x4c build/stm32l4xx_hal_timebase_tim.o
                0x20000038                htim1
 .bss.uwTick    0x20000084        0x4 build/stm32l4xx_hal.o
                0x20000084                uwTick
 .bss.xQueueRegistry
                0x20000088       0x40 build/queue.o
                0x20000088                xQueueRegistry
 .bss.uxSchedulerSuspended
                0x200000c8        0x4 build/tasks.o
 .bss.xIdleTaskHandle
                0x200000cc        0x4 build/tasks.o
 .bss.xNextTaskUnblockTime
                0x200000d0        0x4 build/tasks.o
 .bss.uxTaskNumber
                0x200000d4        0x4 build/tasks.o
 .bss.xNumOfOverflows
                0x200000d8        0x4 build/tasks.o
 .bss.xYieldPending
                0x200000dc        0x4 build/tasks.o
 .bss.xPendedTicks
                0x200000e0        0x4 build/tasks.o
 .bss.xSchedulerRunning
                0x200000e4        0x4 build/tasks.o
 .bss.uxTopReadyPriority
                0x200000e8        0x4 build/tasks.o
 .bss.xTickCount
                0x200000ec        0x4 build/tasks.o
 .bss.uxCurrentNumberOfTasks
                0x200000f0        0x4 build/tasks.o
 .bss.xSuspendedTaskList
                0x200000f4       0x14 build/tasks.o
 .bss.uxDeletedTasksWaitingCleanUp
                0x20000108        0x4 build/tasks.o
 .bss.xTasksWaitingTermination
                0x2000010c       0x14 build/tasks.o
 .bss.xPendingReadyList
                0x20000120       0x14 build/tasks.o
 .bss.pxOverflowDelayedTaskList
                0x20000134        0x4 build/tasks.o
 .bss.pxDelayedTaskList
                0x20000138        0x4 build/tasks.o
 .bss.xDelayedTaskList2
                0x2000013c       0x14 build/tasks.o
 .bss.xDelayedTaskList1
                0x20000150       0x14 build/tasks.o
 .bss.pxReadyTasksLists
                0x20000164      0x460 build/tasks.o
 .bss.pxCurrentTCB
                0x200005c4        0x4 build/tasks.o
                0x200005c4                pxCurrentTCB
 .bss.xStaticTimerQueue.0
                0x200005c8       0x50 build/timers.o
 .bss.ucStaticTimerQueueStorage.1
                0x20000618       0xa0 build/timers.o
 .bss.xLastTime.2
                0x200006b8        0x4 build/timers.o
 .bss.xTimerTaskHandle
                0x200006bc        0x4 build/timers.o
 .bss.xTimerQueue
                0x200006c0        0x4 build/timers.o
 .bss.pxOverflowTimerList
                0x200006c4        0x4 build/timers.o
 .bss.pxCurrentTimerList
                0x200006c8        0x4 build/timers.o
 .bss.xActiveTimerList2
                0x200006cc       0x14 build/timers.o
 .bss.xActiveTimerList1
                0x200006e0       0x14 build/timers.o
 .bss.Timer_Stack.0
                0x200006f4      0x400 build/cmsis_os2.o
 .bss.Timer_TCB.1
                0x20000af4       0x5c build/cmsis_os2.o
 .bss.Idle_Stack.2
                0x20000b50      0x200 build/cmsis_os2.o
 .bss.Idle_TCB.3
                0x20000d50       0x5c build/cmsis_os2.o
 .bss.KernelState
                0x20000dac        0x4 build/cmsis_os2.o
 .bss.xBlockAllocatedBit
                0x20000db0        0x4 build/heap_4.o
 .bss.xNumberOfSuccessfulFrees
                0x20000db4        0x4 build/heap_4.o
 .bss.xNumberOfSuccessfulAllocations
                0x20000db8        0x4 build/heap_4.o
 .bss.xMinimumEverFreeBytesRemaining
                0x20000dbc        0x4 build/heap_4.o
 .bss.xFreeBytesRemaining
                0x20000dc0        0x4 build/heap_4.o
 .bss.pxEnd     0x20000dc4        0x4 build/heap_4.o
 .bss.xStart    0x20000dc8        0x8 build/heap_4.o
 .bss.ucHeap    0x20000dd0      0xbb8 build/heap_4.o
 .bss.ulMaxPRIGROUPValue
                0x20001988        0x4 build/port.o
 .bss.ucMaxSysCallPriority
                0x2000198c        0x1 build/port.o
 *fill*         0x2000198d        0x3 
 .bss.HAL_RCC_ADC_CLK_ENABLED
                0x20001990        0x4 build/adc.o
 .bss.hadc2     0x20001994       0x64 build/adc.o
                0x20001994                hadc2
 .bss.hadc1     0x200019f8       0x64 build/adc.o
                0x200019f8                hadc1
 .bss.huart2    0x20001a5c       0x88 build/usart.o
                0x20001a5c                huart2
 *(COMMON)
                0x20001ae4                        . = ALIGN (0x4)
                0x20001ae4                        _ebss = .
                0x20001ae4                        __bss_end__ = _ebss

._user_heap_stack
                0x20001ae4      0x604 load address 0x080050e8
                0x20001ae8                        . = ALIGN (0x8)
 *fill*         0x20001ae4        0x4 
                0x20001ae8                        PROVIDE (end = .)
                [!provide]                        PROVIDE (_end = .)
                0x20001ce8                        . = (. + _Min_Heap_Size)
 *fill*         0x20001ae8      0x200 
                0x200020e8                        . = (. + _Min_Stack_Size)
 *fill*         0x20001ce8      0x400 
                0x200020e8                        . = ALIGN (0x8)

/DISCARD/
 libc.a(*)
 libm.a(*)
 libgcc.a(*)

.ARM.attributes
                0x00000000       0x30
 *(.ARM.attributes)
 .ARM.attributes
                0x00000000       0x22 /Applications/ArmGNUToolchain/12.3.rel1/arm-none-eabi/bin/../lib/gcc/arm-none-eabi/12.3.1/thumb/v7e-m+fp/hard/crti.o
 .ARM.attributes
                0x00000022       0x34 /Applications/ArmGNUToolchain/12.3.rel1/arm-none-eabi/bin/../lib/gcc/arm-none-eabi/12.3.1/thumb/v7e-m+fp/hard/crtbegin.o
 .ARM.attributes
                0x00000056       0x34 build/main.o
 .ARM.attributes
                0x0000008a       0x34 build/gpio.o
 .ARM.attributes
                0x000000be       0x34 build/freertos.o
 .ARM.attributes
                0x000000f2       0x34 build/stm32l4xx_it.o
 .ARM.attributes
                0x00000126       0x34 build/stm32l4xx_hal_msp.o
 .ARM.attributes
                0x0000015a       0x34 build/stm32l4xx_hal_timebase_tim.o
 .ARM.attributes
                0x0000018e       0x34 build/stm32l4xx_hal.o
 .ARM.attributes
                0x000001c2       0x34 build/stm32l4xx_hal_rcc.o
 .ARM.attributes
                0x000001f6       0x34 build/stm32l4xx_hal_rcc_ex.o
 .ARM.attributes
                0x0000022a       0x34 build/stm32l4xx_hal_gpio.o
 .ARM.attributes
                0x0000025e       0x34 build/stm32l4xx_hal_pwr_ex.o
 .ARM.attributes
                0x00000292       0x34 build/stm32l4xx_hal_cortex.o
 .ARM.attributes
                0x000002c6       0x34 build/stm32l4xx_hal_tim.o
 .ARM.attributes
                0x000002fa       0x34 build/stm32l4xx_hal_tim_ex.o
 .ARM.attributes
                0x0000032e       0x34 build/system_stm32l4xx.o
 .ARM.attributes
                0x00000362       0x34 build/list.o
 .ARM.attributes
                0x00000396       0x34 build/queue.o
 .ARM.attributes
                0x000003ca       0x34 build/tasks.o
 .ARM.attributes
                0x000003fe       0x34 build/timers.o
 .ARM.attributes
                0x00000432       0x34 build/cmsis_os2.o
 .ARM.attributes
                0x00000466       0x34 build/heap_4.o
 .ARM.attributes
                0x0000049a       0x34 build/port.o
 .ARM.attributes
                0x000004ce       0x34 build/adc.o
 .ARM.attributes
                0x00000502       0x34 build/stm32l4xx_hal_adc.o
 .ARM.attributes
                0x00000536       0x34 build/stm32l4xx_hal_adc_ex.o
 .ARM.attributes
                0x0000056a       0x34 build/usart.o
 .ARM.attributes
                0x0000059e       0x34 build/stm32l4xx_hal_uart.o
 .ARM.attributes
                0x000005d2       0x21 build/startup_stm32l475xx.o
 .ARM.attributes
                0x000005f3       0x34 /Applications/ArmGNUToolchain/12.3.rel1/arm-none-eabi/bin/../lib/gcc/arm-none-eabi/12.3.1/../../../../arm-none-eabi/lib/thumb/v7e-m+fp/hard/libc_nano.a(libc_a-memset.o)
 .ARM.attributes
                0x00000627       0x34 /Applications/ArmGNUToolchain/12.3.rel1/arm-none-eabi/bin/../lib/gcc/arm-none-eabi/12.3.1/../../../../arm-none-eabi/lib/thumb/v7e-m+fp/hard/libc_nano.a(libc_a-init.o)
 .ARM.attributes
                0x0000065b       0x34 /Applications/ArmGNUToolchain/12.3.rel1/arm-none-eabi/bin/../lib/gcc/arm-none-eabi/12.3.1/../../../../arm-none-eabi/lib/thumb/v7e-m+fp/hard/libc_nano.a(libc_a-memcpy-stub.o)
 .ARM.attributes
                0x0000068f       0x17 /Applications/ArmGNUToolchain/12.3.rel1/arm-none-eabi/bin/../lib/gcc/arm-none-eabi/12.3.1/../../../../arm-none-eabi/lib/thumb/v7e-m+fp/hard/libc_nano.a(libc_a-strlen.o)
 .ARM.attributes
                0x000006a6       0x22 /Applications/ArmGNUToolchain/12.3.rel1/arm-none-eabi/bin/../lib/gcc/arm-none-eabi/12.3.1/thumb/v7e-m+fp/hard/libgcc.a(_aeabi_uldivmod.o)
 .ARM.attributes
                0x000006c8       0x34 /Applications/ArmGNUToolchain/12.3.rel1/arm-none-eabi/bin/../lib/gcc/arm-none-eabi/12.3.1/thumb/v7e-m+fp/hard/libgcc.a(_udivmoddi4.o)
 .ARM.attributes
                0x000006fc       0x22 /Applications/ArmGNUToolchain/12.3.rel1/arm-none-eabi/bin/../lib/gcc/arm-none-eabi/12.3.1/thumb/v7e-m+fp/hard/libgcc.a(_dvmd_tls.o)
 .ARM.attributes
                0x0000071e       0x34 /Applications/ArmGNUToolchain/12.3.rel1/arm-none-eabi/bin/../lib/gcc/arm-none-eabi/12.3.1/thumb/v7e-m+fp/hard/crtend.o
 .ARM.attributes
                0x00000752       0x22 /Applications/ArmGNUToolchain/12.3.rel1/arm-none-eabi/bin/../lib/gcc/arm-none-eabi/12.3.1/thumb/v7e-m+fp/hard/crtn.o
OUTPUT(build/io_test.elf elf32-littlearm)
LOAD linker stubs
LOAD /Applications/ArmGNUToolchain/12.3.rel1/arm-none-eabi/bin/../lib/gcc/arm-none-eabi/12.3.1/../../../../arm-none-eabi/lib/thumb/v7e-m+fp/hard/libc.a
LOAD /Applications/ArmGNUToolchain/12.3.rel1/arm-none-eabi/bin/../lib/gcc/arm-none-eabi/12.3.1/../../../../arm-none-eabi/lib/thumb/v7e-m+fp/hard/libm.a
LOAD /Applications/ArmGNUToolchain/12.3.rel1/arm-none-eabi/bin/../lib/gcc/arm-none-eabi/12.3.1/thumb/v7e-m+fp/hard/libgcc.a

.debug_info     0x00000000    0x2ba76
 .debug_info    0x00000000     0x1fc3 build/main.o
 .debug_info    0x00001fc3      0x5e7 build/gpio.o
 .debug_info    0x000025aa      0x407 build/freertos.o
 .debug_info    0x000029b1      0x7e3 build/stm32l4xx_it.o
 .debug_info    0x00003194      0x5d5 build/stm32l4xx_hal_msp.o
 .debug_info    0x00003769      0xe65 build/stm32l4xx_hal_timebase_tim.o
 .debug_info    0x000045ce      0xd05 build/stm32l4xx_hal.o
 .debug_info    0x000052d3     0x10ad build/stm32l4xx_hal_rcc.o
 .debug_info    0x00006380     0x13ed build/stm32l4xx_hal_rcc_ex.o
 .debug_info    0x0000776d      0x91b build/stm32l4xx_hal_gpio.o
 .debug_info    0x00008088      0xb9b build/stm32l4xx_hal_pwr_ex.o
 .debug_info    0x00008c23     0x1154 build/stm32l4xx_hal_cortex.o
 .debug_info    0x00009d77     0x4220 build/stm32l4xx_hal_tim.o
 .debug_info    0x0000df97     0x1fb8 build/stm32l4xx_hal_tim_ex.o
 .debug_info    0x0000ff4f      0x671 build/system_stm32l4xx.o
 .debug_info    0x000105c0      0x30f build/list.o
 .debug_info    0x000108cf     0x2a15 build/queue.o
 .debug_info    0x000132e4     0x3396 build/tasks.o
 .debug_info    0x0001667a     0x1d07 build/timers.o
 .debug_info    0x00018381     0x52dd build/cmsis_os2.o
 .debug_info    0x0001d65e      0x60c build/heap_4.o
 .debug_info    0x0001dc6a      0x5c2 build/port.o
 .debug_info    0x0001e22c      0xfde build/adc.o
 .debug_info    0x0001f20a     0x354c build/stm32l4xx_hal_adc.o
 .debug_info    0x00022756     0x2e3b build/stm32l4xx_hal_adc_ex.o
 .debug_info    0x00025591      0xfa9 build/usart.o
 .debug_info    0x0002653a     0x550c build/stm32l4xx_hal_uart.o
 .debug_info    0x0002ba46       0x30 build/startup_stm32l475xx.o

.debug_abbrev   0x00000000     0x4805
 .debug_abbrev  0x00000000      0x314 build/main.o
 .debug_abbrev  0x00000314      0x160 build/gpio.o
 .debug_abbrev  0x00000474      0x13b build/freertos.o
 .debug_abbrev  0x000005af      0x17d build/stm32l4xx_it.o
 .debug_abbrev  0x0000072c      0x110 build/stm32l4xx_hal_msp.o
 .debug_abbrev  0x0000083c      0x22d build/stm32l4xx_hal_timebase_tim.o
 .debug_abbrev  0x00000a69      0x284 build/stm32l4xx_hal.o
 .debug_abbrev  0x00000ced      0x2de build/stm32l4xx_hal_rcc.o
 .debug_abbrev  0x00000fcb      0x2de build/stm32l4xx_hal_rcc_ex.o
 .debug_abbrev  0x000012a9      0x222 build/stm32l4xx_hal_gpio.o
 .debug_abbrev  0x000014cb      0x233 build/stm32l4xx_hal_pwr_ex.o
 .debug_abbrev  0x000016fe      0x3d3 build/stm32l4xx_hal_cortex.o
 .debug_abbrev  0x00001ad1      0x2bd build/stm32l4xx_hal_tim.o
 .debug_abbrev  0x00001d8e      0x2b7 build/stm32l4xx_hal_tim_ex.o
 .debug_abbrev  0x00002045      0x11b build/system_stm32l4xx.o
 .debug_abbrev  0x00002160      0x124 build/list.o
 .debug_abbrev  0x00002284      0x431 build/queue.o
 .debug_abbrev  0x000026b5      0x400 build/tasks.o
 .debug_abbrev  0x00002ab5      0x3d4 build/timers.o
 .debug_abbrev  0x00002e89      0x5ca build/cmsis_os2.o
 .debug_abbrev  0x00003453      0x27a build/heap_4.o
 .debug_abbrev  0x000036cd      0x2af build/port.o
 .debug_abbrev  0x0000397c      0x20f build/adc.o
 .debug_abbrev  0x00003b8b      0x34c build/stm32l4xx_hal_adc.o
 .debug_abbrev  0x00003ed7      0x3db build/stm32l4xx_hal_adc_ex.o
 .debug_abbrev  0x000042b2      0x207 build/usart.o
 .debug_abbrev  0x000044b9      0x32f build/stm32l4xx_hal_uart.o
 .debug_abbrev  0x000047e8       0x1d build/startup_stm32l475xx.o

.debug_loc      0x00000000    0x237c3
 .debug_loc     0x00000000      0x201 build/main.o
 .debug_loc     0x00000201       0x38 build/gpio.o
 .debug_loc     0x00000239       0x65 build/freertos.o
 .debug_loc     0x0000029e       0x20 build/stm32l4xx_it.o
 .debug_loc     0x000002be       0x38 build/stm32l4xx_hal_msp.o
 .debug_loc     0x000002f6       0xeb build/stm32l4xx_hal_timebase_tim.o
 .debug_loc     0x000003e1      0x2af build/stm32l4xx_hal.o
 .debug_loc     0x00000690      0x9ac build/stm32l4xx_hal_rcc.o
 .debug_loc     0x0000103c     0x1ca4 build/stm32l4xx_hal_rcc_ex.o
 .debug_loc     0x00002ce0      0x489 build/stm32l4xx_hal_gpio.o
 .debug_loc     0x00003169      0x8e8 build/stm32l4xx_hal_pwr_ex.o
 .debug_loc     0x00003a51      0x7c7 build/stm32l4xx_hal_cortex.o
 .debug_loc     0x00004218     0x6108 build/stm32l4xx_hal_tim.o
 .debug_loc     0x0000a320     0x2897 build/stm32l4xx_hal_tim_ex.o
 .debug_loc     0x0000cbb7      0x127 build/system_stm32l4xx.o
 .debug_loc     0x0000ccde       0xe5 build/list.o
 .debug_loc     0x0000cdc3     0x1f67 build/queue.o
 .debug_loc     0x0000ed2a     0x2a51 build/tasks.o
 .debug_loc     0x0001177b     0x1596 build/timers.o
 .debug_loc     0x00012d11     0x5ef8 build/cmsis_os2.o
 .debug_loc     0x00018c09      0x510 build/heap_4.o
 .debug_loc     0x00019119      0x1c0 build/port.o
 .debug_loc     0x000192d9      0x1b7 build/adc.o
 .debug_loc     0x00019490     0x2a77 build/stm32l4xx_hal_adc.o
 .debug_loc     0x0001bf07     0x2679 build/stm32l4xx_hal_adc_ex.o
 .debug_loc     0x0001e580       0xea build/usart.o
 .debug_loc     0x0001e66a     0x5159 build/stm32l4xx_hal_uart.o

.debug_aranges  0x00000000     0x18a0
 .debug_aranges
                0x00000000       0x58 build/main.o
 .debug_aranges
                0x00000058       0x20 build/gpio.o
 .debug_aranges
                0x00000078       0x28 build/freertos.o
 .debug_aranges
                0x000000a0       0x50 build/stm32l4xx_it.o
 .debug_aranges
                0x000000f0       0x20 build/stm32l4xx_hal_msp.o
 .debug_aranges
                0x00000110       0x30 build/stm32l4xx_hal_timebase_tim.o
 .debug_aranges
                0x00000140      0x130 build/stm32l4xx_hal.o
 .debug_aranges
                0x00000270       0x90 build/stm32l4xx_hal_rcc.o
 .debug_aranges
                0x00000300       0xc0 build/stm32l4xx_hal_rcc_ex.o
 .debug_aranges
                0x000003c0       0x58 build/stm32l4xx_hal_gpio.o
 .debug_aranges
                0x00000418      0x150 build/stm32l4xx_hal_pwr_ex.o
 .debug_aranges
                0x00000568       0xe0 build/stm32l4xx_hal_cortex.o
 .debug_aranges
                0x00000648      0x3e0 build/stm32l4xx_hal_tim.o
 .debug_aranges
                0x00000a28      0x180 build/stm32l4xx_hal_tim_ex.o
 .debug_aranges
                0x00000ba8       0x28 build/system_stm32l4xx.o
 .debug_aranges
                0x00000bd0       0x40 build/list.o
 .debug_aranges
                0x00000c10      0x158 build/queue.o
 .debug_aranges
                0x00000d68      0x208 build/tasks.o
 .debug_aranges
                0x00000f70       0xf0 build/timers.o
 .debug_aranges
                0x00001060      0x2a0 build/cmsis_os2.o
 .debug_aranges
                0x00001300       0x58 build/heap_4.o
 .debug_aranges
                0x00001358       0x80 build/port.o
 .debug_aranges
                0x000013d8       0x38 build/adc.o
 .debug_aranges
                0x00001410      0x110 build/stm32l4xx_hal_adc.o
 .debug_aranges
                0x00001520      0x100 build/stm32l4xx_hal_adc_ex.o
 .debug_aranges
                0x00001620       0x30 build/usart.o
 .debug_aranges
                0x00001650      0x228 build/stm32l4xx_hal_uart.o
 .debug_aranges
                0x00001878       0x28 build/startup_stm32l475xx.o

.debug_ranges   0x00000000     0x1c70
 .debug_ranges  0x00000000       0x48 build/main.o
 .debug_ranges  0x00000048       0x10 build/gpio.o
 .debug_ranges  0x00000058       0x18 build/freertos.o
 .debug_ranges  0x00000070       0x40 build/stm32l4xx_it.o
 .debug_ranges  0x000000b0       0x10 build/stm32l4xx_hal_msp.o
 .debug_ranges  0x000000c0       0x20 build/stm32l4xx_hal_timebase_tim.o
 .debug_ranges  0x000000e0      0x120 build/stm32l4xx_hal.o
 .debug_ranges  0x00000200       0x98 build/stm32l4xx_hal_rcc.o
 .debug_ranges  0x00000298       0xc8 build/stm32l4xx_hal_rcc_ex.o
 .debug_ranges  0x00000360       0x48 build/stm32l4xx_hal_gpio.o
 .debug_ranges  0x000003a8      0x140 build/stm32l4xx_hal_pwr_ex.o
 .debug_ranges  0x000004e8       0xd0 build/stm32l4xx_hal_cortex.o
 .debug_ranges  0x000005b8      0x3d0 build/stm32l4xx_hal_tim.o
 .debug_ranges  0x00000988      0x170 build/stm32l4xx_hal_tim_ex.o
 .debug_ranges  0x00000af8       0x18 build/system_stm32l4xx.o
 .debug_ranges  0x00000b10       0x30 build/list.o
 .debug_ranges  0x00000b40      0x218 build/queue.o
 .debug_ranges  0x00000d58      0x338 build/tasks.o
 .debug_ranges  0x00001090       0xe0 build/timers.o
 .debug_ranges  0x00001170      0x290 build/cmsis_os2.o
 .debug_ranges  0x00001400       0x48 build/heap_4.o
 .debug_ranges  0x00001448       0x88 build/port.o
 .debug_ranges  0x000014d0       0x28 build/adc.o
 .debug_ranges  0x000014f8      0x310 build/stm32l4xx_hal_adc.o
 .debug_ranges  0x00001808      0x1f8 build/stm32l4xx_hal_adc_ex.o
 .debug_ranges  0x00001a00       0x20 build/usart.o
 .debug_ranges  0x00001a20      0x230 build/stm32l4xx_hal_uart.o
 .debug_ranges  0x00001c50       0x20 build/startup_stm32l475xx.o

.debug_line     0x00000000    0x1fb1b
 .debug_line    0x00000000      0x799 build/main.o
 .debug_line    0x00000799      0x1f4 build/gpio.o
 .debug_line    0x0000098d      0x18b build/freertos.o
 .debug_line    0x00000b18      0x283 build/stm32l4xx_it.o
 .debug_line    0x00000d9b      0x19d build/stm32l4xx_hal_msp.o
 .debug_line    0x00000f38      0x2d4 build/stm32l4xx_hal_timebase_tim.o
 .debug_line    0x0000120c      0x69e build/stm32l4xx_hal.o
 .debug_line    0x000018aa      0xef5 build/stm32l4xx_hal_rcc.o
 .debug_line    0x0000279f     0x151d build/stm32l4xx_hal_rcc_ex.o
 .debug_line    0x00003cbc      0x6e7 build/stm32l4xx_hal_gpio.o
 .debug_line    0x000043a3      0xa64 build/stm32l4xx_hal_pwr_ex.o
 .debug_line    0x00004e07      0x818 build/stm32l4xx_hal_cortex.o
 .debug_line    0x0000561f     0x4ef8 build/stm32l4xx_hal_tim.o
 .debug_line    0x0000a517     0x1fe3 build/stm32l4xx_hal_tim_ex.o
 .debug_line    0x0000c4fa      0x29b build/system_stm32l4xx.o
 .debug_line    0x0000c795      0x35f build/list.o
 .debug_line    0x0000caf4     0x1f94 build/queue.o
 .debug_line    0x0000ea88     0x2c38 build/tasks.o
 .debug_line    0x000116c0      0xed0 build/timers.o
 .debug_line    0x00012590     0x2aa4 build/cmsis_os2.o
 .debug_line    0x00015034      0x722 build/heap_4.o
 .debug_line    0x00015756      0x6d5 build/port.o
 .debug_line    0x00015e2b      0x55c build/adc.o
 .debug_line    0x00016387     0x2408 build/stm32l4xx_hal_adc.o
 .debug_line    0x0001878f     0x1e2d build/stm32l4xx_hal_adc_ex.o
 .debug_line    0x0001a5bc      0x32c build/usart.o
 .debug_line    0x0001a8e8     0x51bd build/stm32l4xx_hal_uart.o
 .debug_line    0x0001faa5       0x76 build/startup_stm32l475xx.o

.debug_str      0x00000000     0x8ed0
 .debug_str     0x00000000     0x121d build/main.o
                               0x1365 (size before relaxing)
 .debug_str     0x0000121d      0x16b build/gpio.o
                                0x3bb (size before relaxing)
 .debug_str     0x00001388      0x4e1 build/freertos.o
                                0x6e4 (size before relaxing)
 .debug_str     0x00001869       0xaf build/stm32l4xx_it.o
                                0x72b (size before relaxing)
 .debug_str     0x00001918      0x516 build/stm32l4xx_hal_msp.o
                                0x7ee (size before relaxing)
 .debug_str     0x00001e2e      0x101 build/stm32l4xx_hal_timebase_tim.o
                                0xe5a (size before relaxing)
 .debug_str     0x00001f2f      0x457 build/stm32l4xx_hal.o
                                0xcd9 (size before relaxing)
 .debug_str     0x00002386      0x2e1 build/stm32l4xx_hal_rcc.o
                                0x886 (size before relaxing)
 .debug_str     0x00002667      0x33b build/stm32l4xx_hal_rcc_ex.o
                                0xaa5 (size before relaxing)
 .debug_str     0x000029a2       0xb3 build/stm32l4xx_hal_gpio.o
                                0x52a (size before relaxing)
 .debug_str     0x00002a55      0x4fc build/stm32l4xx_hal_pwr_ex.o
                                0x7fe (size before relaxing)
 .debug_str     0x00002f51      0x425 build/stm32l4xx_hal_cortex.o
                                0xc01 (size before relaxing)
 .debug_str     0x00003376      0xf45 build/stm32l4xx_hal_tim.o
                               0x1703 (size before relaxing)
 .debug_str     0x000042bb      0x65c build/stm32l4xx_hal_tim_ex.o
                               0x1017 (size before relaxing)
 .debug_str     0x00004917       0x3d build/system_stm32l4xx.o
                                0x3c3 (size before relaxing)
 .debug_str     0x00004954      0x136 build/list.o
                                0x2ec (size before relaxing)
 .debug_str     0x00004a8a      0x9fa build/queue.o
                                0xd02 (size before relaxing)
 .debug_str     0x00005484      0xc62 build/tasks.o
                               0x12d1 (size before relaxing)
 .debug_str     0x000060e6      0x5d8 build/timers.o
                                0xc32 (size before relaxing)
 .debug_str     0x000066be      0xbf0 build/cmsis_os2.o
                               0x2197 (size before relaxing)
 .debug_str     0x000072ae      0x2bf build/heap_4.o
                                0x505 (size before relaxing)
 .debug_str     0x0000756d      0x17d build/port.o
                                0x46c (size before relaxing)
 .debug_str     0x000076ea       0xec build/adc.o
                                0x954 (size before relaxing)
 .debug_str     0x000077d6      0x912 build/stm32l4xx_hal_adc.o
                               0x10ff (size before relaxing)
 .debug_str     0x000080e8      0x5b9 build/stm32l4xx_hal_adc_ex.o
                               0x110a (size before relaxing)
 .debug_str     0x000086a1       0x4e build/usart.o
                                0xafc (size before relaxing)
 .debug_str     0x000086ef      0x7af build/stm32l4xx_hal_uart.o
                                0xffe (size before relaxing)
 .debug_str     0x00008e9e       0x32 build/startup_stm32l475xx.o
                                 0x6c (size before relaxing)

.comment        0x00000000       0x45
 .comment       0x00000000       0x45 build/main.o
                                 0x46 (size before relaxing)
 .comment       0x00000045       0x46 build/gpio.o
 .comment       0x00000045       0x46 build/freertos.o
 .comment       0x00000045       0x46 build/stm32l4xx_it.o
 .comment       0x00000045       0x46 build/stm32l4xx_hal_msp.o
 .comment       0x00000045       0x46 build/stm32l4xx_hal_timebase_tim.o
 .comment       0x00000045       0x46 build/stm32l4xx_hal.o
 .comment       0x00000045       0x46 build/stm32l4xx_hal_rcc.o
 .comment       0x00000045       0x46 build/stm32l4xx_hal_rcc_ex.o
 .comment       0x00000045       0x46 build/stm32l4xx_hal_gpio.o
 .comment       0x00000045       0x46 build/stm32l4xx_hal_pwr_ex.o
 .comment       0x00000045       0x46 build/stm32l4xx_hal_cortex.o
 .comment       0x00000045       0x46 build/stm32l4xx_hal_tim.o
 .comment       0x00000045       0x46 build/stm32l4xx_hal_tim_ex.o
 .comment       0x00000045       0x46 build/system_stm32l4xx.o
 .comment       0x00000045       0x46 build/list.o
 .comment       0x00000045       0x46 build/queue.o
 .comment       0x00000045       0x46 build/tasks.o
 .comment       0x00000045       0x46 build/timers.o
 .comment       0x00000045       0x46 build/cmsis_os2.o
 .comment       0x00000045       0x46 build/heap_4.o
 .comment       0x00000045       0x46 build/port.o
 .comment       0x00000045       0x46 build/adc.o
 .comment       0x00000045       0x46 build/stm32l4xx_hal_adc.o
 .comment       0x00000045       0x46 build/stm32l4xx_hal_adc_ex.o
 .comment       0x00000045       0x46 build/usart.o
 .comment       0x00000045       0x46 build/stm32l4xx_hal_uart.o

.debug_frame    0x00000000     0x44b8
 .debug_frame   0x00000000       0xd8 build/main.o
 .debug_frame   0x000000d8       0x30 build/gpio.o
 .debug_frame   0x00000108       0x40 build/freertos.o
 .debug_frame   0x00000148       0x88 build/stm32l4xx_it.o
 .debug_frame   0x000001d0       0x2c build/stm32l4xx_hal_msp.o
 .debug_frame   0x000001fc       0x54 build/stm32l4xx_hal_timebase_tim.o
 .debug_frame   0x00000250      0x274 build/stm32l4xx_hal.o
 .debug_frame   0x000004c4      0x19c build/stm32l4xx_hal_rcc.o
 .debug_frame   0x00000660      0x204 build/stm32l4xx_hal_rcc_ex.o
 .debug_frame   0x00000864       0xd0 build/stm32l4xx_hal_gpio.o
 .debug_frame   0x00000934      0x298 build/stm32l4xx_hal_pwr_ex.o
 .debug_frame   0x00000bcc      0x1e4 build/stm32l4xx_hal_cortex.o
 .debug_frame   0x00000db0      0xb54 build/stm32l4xx_hal_tim.o
 .debug_frame   0x00001904      0x470 build/stm32l4xx_hal_tim_ex.o
 .debug_frame   0x00001d74       0x30 build/system_stm32l4xx.o
 .debug_frame   0x00001da4       0x70 build/list.o
 .debug_frame   0x00001e14      0x458 build/queue.o
 .debug_frame   0x0000226c      0x684 build/tasks.o
 .debug_frame   0x000028f0      0x30c build/timers.o
 .debug_frame   0x00002bfc      0x90c build/cmsis_os2.o
 .debug_frame   0x00003508       0xd0 build/heap_4.o
 .debug_frame   0x000035d8      0x110 build/port.o
 .debug_frame   0x000036e8       0x88 build/adc.o
 .debug_frame   0x00003770      0x320 build/stm32l4xx_hal_adc.o
 .debug_frame   0x00003a90      0x2f0 build/stm32l4xx_hal_adc_ex.o
 .debug_frame   0x00003d80       0x64 build/usart.o
 .debug_frame   0x00003de4      0x600 build/stm32l4xx_hal_uart.o
 .debug_frame   0x000043e4       0x20 /Applications/ArmGNUToolchain/12.3.rel1/arm-none-eabi/bin/../lib/gcc/arm-none-eabi/12.3.1/../../../../arm-none-eabi/lib/thumb/v7e-m+fp/hard/libc_nano.a(libc_a-memset.o)
 .debug_frame   0x00004404       0x2c /Applications/ArmGNUToolchain/12.3.rel1/arm-none-eabi/bin/../lib/gcc/arm-none-eabi/12.3.1/../../../../arm-none-eabi/lib/thumb/v7e-m+fp/hard/libc_nano.a(libc_a-init.o)
 .debug_frame   0x00004430       0x28 /Applications/ArmGNUToolchain/12.3.rel1/arm-none-eabi/bin/../lib/gcc/arm-none-eabi/12.3.1/../../../../arm-none-eabi/lib/thumb/v7e-m+fp/hard/libc_nano.a(libc_a-memcpy-stub.o)
 .debug_frame   0x00004458       0x2c /Applications/ArmGNUToolchain/12.3.rel1/arm-none-eabi/bin/../lib/gcc/arm-none-eabi/12.3.1/thumb/v7e-m+fp/hard/libgcc.a(_aeabi_uldivmod.o)
 .debug_frame   0x00004484       0x34 /Applications/ArmGNUToolchain/12.3.rel1/arm-none-eabi/bin/../lib/gcc/arm-none-eabi/12.3.1/thumb/v7e-m+fp/hard/libgcc.a(_udivmoddi4.o)

.debug_line_str
                0x00000000      0x1d2
 .debug_line_str
                0x00000000       0xf4 /Applications/ArmGNUToolchain/12.3.rel1/arm-none-eabi/bin/../lib/gcc/arm-none-eabi/12.3.1/../../../../arm-none-eabi/lib/thumb/v7e-m+fp/hard/libc_nano.a(libc_a-strlen.o)
 .debug_line_str
                0x000000f4       0xd2 /Applications/ArmGNUToolchain/12.3.rel1/arm-none-eabi/bin/../lib/gcc/arm-none-eabi/12.3.1/thumb/v7e-m+fp/hard/libgcc.a(_aeabi_uldivmod.o)
 .debug_line_str
                0x000001c6        0xc /Applications/ArmGNUToolchain/12.3.rel1/arm-none-eabi/bin/../lib/gcc/arm-none-eabi/12.3.1/thumb/v7e-m+fp/hard/libgcc.a(_dvmd_tls.o)
                                 0xd6 (size before relaxing)

Cross Reference Table

Symbol                                            File
ADC1_2_IRQHandler                                 build/startup_stm32l475xx.o
ADC3_IRQHandler                                   build/startup_stm32l475xx.o
ADC_ConversionStop                                build/stm32l4xx_hal_adc.o
                                                  build/stm32l4xx_hal_adc_ex.o
ADC_DMAConvCplt                                   build/stm32l4xx_hal_adc.o
                                                  build/stm32l4xx_hal_adc_ex.o
ADC_DMAError                                      build/stm32l4xx_hal_adc.o
                                                  build/stm32l4xx_hal_adc_ex.o
ADC_DMAHalfConvCplt                               build/stm32l4xx_hal_adc.o
                                                  build/stm32l4xx_hal_adc_ex.o
ADC_Disable                                       build/stm32l4xx_hal_adc.o
                                                  build/stm32l4xx_hal_adc_ex.o
ADC_Enable                                        build/stm32l4xx_hal_adc.o
                                                  build/stm32l4xx_hal_adc_ex.o
AHBPrescTable                                     build/system_stm32l4xx.o
                                                  build/stm32l4xx_hal_rcc.o
APBPrescTable                                     build/system_stm32l4xx.o
                                                  build/stm32l4xx_hal_rcc.o
BusFault_Handler                                  build/stm32l4xx_it.o
ButtonHandle                                      build/main.o
ButtonTask                                        build/main.o
CAN1_RX0_IRQHandler                               build/startup_stm32l475xx.o
CAN1_RX1_IRQHandler                               build/startup_stm32l475xx.o
CAN1_SCE_IRQHandler                               build/startup_stm32l475xx.o
CAN1_TX_IRQHandler                                build/startup_stm32l475xx.o
COMP_IRQHandler                                   build/startup_stm32l475xx.o
DFSDM1_FLT0_IRQHandler                            build/startup_stm32l475xx.o
DFSDM1_FLT1_IRQHandler                            build/startup_stm32l475xx.o
DFSDM1_FLT2_IRQHandler                            build/startup_stm32l475xx.o
DFSDM1_FLT3_IRQHandler                            build/startup_stm32l475xx.o
DMA1_Channel1_IRQHandler                          build/startup_stm32l475xx.o
DMA1_Channel2_IRQHandler                          build/startup_stm32l475xx.o
DMA1_Channel3_IRQHandler                          build/startup_stm32l475xx.o
DMA1_Channel4_IRQHandler                          build/startup_stm32l475xx.o
DMA1_Channel5_IRQHandler                          build/startup_stm32l475xx.o
DMA1_Channel6_IRQHandler                          build/startup_stm32l475xx.o
DMA1_Channel7_IRQHandler                          build/startup_stm32l475xx.o
DMA2_Channel1_IRQHandler                          build/startup_stm32l475xx.o
DMA2_Channel2_IRQHandler                          build/startup_stm32l475xx.o
DMA2_Channel3_IRQHandler                          build/startup_stm32l475xx.o
DMA2_Channel4_IRQHandler                          build/startup_stm32l475xx.o
DMA2_Channel5_IRQHandler                          build/startup_stm32l475xx.o
DMA2_Channel6_IRQHandler                          build/startup_stm32l475xx.o
DMA2_Channel7_IRQHandler                          build/startup_stm32l475xx.o
DebugMon_Handler                                  build/stm32l4xx_it.o
Default_Handler                                   build/startup_stm32l475xx.o
EXTI0_IRQHandler                                  build/startup_stm32l475xx.o
EXTI15_10_IRQHandler                              build/startup_stm32l475xx.o
EXTI1_IRQHandler                                  build/startup_stm32l475xx.o
EXTI2_IRQHandler                                  build/startup_stm32l475xx.o
EXTI3_IRQHandler                                  build/startup_stm32l475xx.o
EXTI4_IRQHandler                                  build/startup_stm32l475xx.o
EXTI9_5_IRQHandler                                build/startup_stm32l475xx.o
Error_Handler                                     build/main.o
                                                  build/usart.o
                                                  build/adc.o
FLASH_FlushCaches                                 build/stm32l4xx_hal_flash_ex.o
                                                  build/stm32l4xx_hal_flash.o
FLASH_IRQHandler                                  build/startup_stm32l475xx.o
FLASH_PageErase                                   build/stm32l4xx_hal_flash_ex.o
                                                  build/stm32l4xx_hal_flash.o
FLASH_WaitForLastOperation                        build/stm32l4xx_hal_flash.o
                                                  build/stm32l4xx_hal_flash_ex.o
FMC_IRQHandler                                    build/startup_stm32l475xx.o
FPU_IRQHandler                                    build/startup_stm32l475xx.o
HAL_ADCEx_Calibration_GetValue                    build/stm32l4xx_hal_adc_ex.o
HAL_ADCEx_Calibration_SetValue                    build/stm32l4xx_hal_adc_ex.o
HAL_ADCEx_Calibration_Start                       build/stm32l4xx_hal_adc_ex.o
HAL_ADCEx_DisableInjectedQueue                    build/stm32l4xx_hal_adc_ex.o
HAL_ADCEx_DisableVoltageRegulator                 build/stm32l4xx_hal_adc_ex.o
HAL_ADCEx_EnableInjectedQueue                     build/stm32l4xx_hal_adc_ex.o
HAL_ADCEx_EndOfSamplingCallback                   build/stm32l4xx_hal_adc_ex.o
                                                  build/stm32l4xx_hal_adc.o
HAL_ADCEx_EnterADCDeepPowerDownMode               build/stm32l4xx_hal_adc_ex.o
HAL_ADCEx_InjectedConfigChannel                   build/stm32l4xx_hal_adc_ex.o
HAL_ADCEx_InjectedConvCpltCallback                build/stm32l4xx_hal_adc_ex.o
                                                  build/stm32l4xx_hal_adc.o
HAL_ADCEx_InjectedGetValue                        build/stm32l4xx_hal_adc_ex.o
HAL_ADCEx_InjectedPollForConversion               build/stm32l4xx_hal_adc_ex.o
HAL_ADCEx_InjectedQueueOverflowCallback           build/stm32l4xx_hal_adc_ex.o
                                                  build/stm32l4xx_hal_adc.o
HAL_ADCEx_InjectedStart                           build/stm32l4xx_hal_adc_ex.o
HAL_ADCEx_InjectedStart_IT                        build/stm32l4xx_hal_adc_ex.o
HAL_ADCEx_InjectedStop                            build/stm32l4xx_hal_adc_ex.o
HAL_ADCEx_InjectedStop_IT                         build/stm32l4xx_hal_adc_ex.o
HAL_ADCEx_LevelOutOfWindow2Callback               build/stm32l4xx_hal_adc_ex.o
                                                  build/stm32l4xx_hal_adc.o
HAL_ADCEx_LevelOutOfWindow3Callback               build/stm32l4xx_hal_adc_ex.o
                                                  build/stm32l4xx_hal_adc.o
HAL_ADCEx_MultiModeConfigChannel                  build/stm32l4xx_hal_adc_ex.o
                                                  build/adc.o
HAL_ADCEx_MultiModeGetValue                       build/stm32l4xx_hal_adc_ex.o
HAL_ADCEx_MultiModeStart_DMA                      build/stm32l4xx_hal_adc_ex.o
HAL_ADCEx_MultiModeStop_DMA                       build/stm32l4xx_hal_adc_ex.o
HAL_ADCEx_RegularMultiModeStop_DMA                build/stm32l4xx_hal_adc_ex.o
HAL_ADCEx_RegularStop                             build/stm32l4xx_hal_adc_ex.o
HAL_ADCEx_RegularStop_DMA                         build/stm32l4xx_hal_adc_ex.o
HAL_ADCEx_RegularStop_IT                          build/stm32l4xx_hal_adc_ex.o
HAL_ADC_AnalogWDGConfig                           build/stm32l4xx_hal_adc.o
HAL_ADC_ConfigChannel                             build/stm32l4xx_hal_adc.o
                                                  build/adc.o
HAL_ADC_ConvCpltCallback                          build/stm32l4xx_hal_adc.o
HAL_ADC_ConvHalfCpltCallback                      build/stm32l4xx_hal_adc.o
HAL_ADC_DeInit                                    build/stm32l4xx_hal_adc.o
HAL_ADC_ErrorCallback                             build/stm32l4xx_hal_adc.o
HAL_ADC_GetError                                  build/stm32l4xx_hal_adc.o
HAL_ADC_GetState                                  build/stm32l4xx_hal_adc.o
HAL_ADC_GetValue                                  build/stm32l4xx_hal_adc.o
                                                  build/main.o
HAL_ADC_IRQHandler                                build/stm32l4xx_hal_adc.o
HAL_ADC_Init                                      build/stm32l4xx_hal_adc.o
                                                  build/adc.o
HAL_ADC_LevelOutOfWindowCallback                  build/stm32l4xx_hal_adc.o
HAL_ADC_MspDeInit                                 build/adc.o
HAL_ADC_MspInit                                   build/adc.o
HAL_ADC_PollForConversion                         build/stm32l4xx_hal_adc.o
                                                  build/main.o
HAL_ADC_PollForEvent                              build/stm32l4xx_hal_adc.o
HAL_ADC_Start                                     build/stm32l4xx_hal_adc.o
                                                  build/main.o
HAL_ADC_Start_DMA                                 build/stm32l4xx_hal_adc.o
HAL_ADC_Start_IT                                  build/stm32l4xx_hal_adc.o
HAL_ADC_Stop                                      build/stm32l4xx_hal_adc.o
HAL_ADC_Stop_DMA                                  build/stm32l4xx_hal_adc.o
HAL_ADC_Stop_IT                                   build/stm32l4xx_hal_adc.o
HAL_DBGMCU_DisableDBGSleepMode                    build/stm32l4xx_hal.o
HAL_DBGMCU_DisableDBGStandbyMode                  build/stm32l4xx_hal.o
HAL_DBGMCU_DisableDBGStopMode                     build/stm32l4xx_hal.o
HAL_DBGMCU_EnableDBGSleepMode                     build/stm32l4xx_hal.o
HAL_DBGMCU_EnableDBGStandbyMode                   build/stm32l4xx_hal.o
HAL_DBGMCU_EnableDBGStopMode                      build/stm32l4xx_hal.o
HAL_DMA_Abort                                     build/stm32l4xx_hal_dma.o
                                                  build/stm32l4xx_hal_uart.o
                                                  build/stm32l4xx_hal_adc_ex.o
                                                  build/stm32l4xx_hal_adc.o
HAL_DMA_Abort_IT                                  build/stm32l4xx_hal_dma.o
                                                  build/stm32l4xx_hal_uart.o
                                                  build/stm32l4xx_hal_tim_ex.o
                                                  build/stm32l4xx_hal_tim.o
HAL_DMA_DeInit                                    build/stm32l4xx_hal_dma.o
HAL_DMA_GetError                                  build/stm32l4xx_hal_dma.o
                                                  build/stm32l4xx_hal_uart.o
HAL_DMA_GetState                                  build/stm32l4xx_hal_dma.o
HAL_DMA_IRQHandler                                build/stm32l4xx_hal_dma.o
HAL_DMA_Init                                      build/stm32l4xx_hal_dma.o
HAL_DMA_PollForTransfer                           build/stm32l4xx_hal_dma.o
HAL_DMA_RegisterCallback                          build/stm32l4xx_hal_dma.o
HAL_DMA_Start                                     build/stm32l4xx_hal_dma.o
HAL_DMA_Start_IT                                  build/stm32l4xx_hal_dma.o
                                                  build/stm32l4xx_hal_uart.o
                                                  build/stm32l4xx_hal_adc_ex.o
                                                  build/stm32l4xx_hal_adc.o
                                                  build/stm32l4xx_hal_tim_ex.o
                                                  build/stm32l4xx_hal_tim.o
HAL_DMA_UnRegisterCallback                        build/stm32l4xx_hal_dma.o
HAL_DeInit                                        build/stm32l4xx_hal.o
HAL_Delay                                         build/stm32l4xx_hal.o
HAL_EXTI_ClearConfigLine                          build/stm32l4xx_hal_exti.o
HAL_EXTI_ClearPending                             build/stm32l4xx_hal_exti.o
HAL_EXTI_GenerateSWI                              build/stm32l4xx_hal_exti.o
HAL_EXTI_GetConfigLine                            build/stm32l4xx_hal_exti.o
HAL_EXTI_GetHandle                                build/stm32l4xx_hal_exti.o
HAL_EXTI_GetPending                               build/stm32l4xx_hal_exti.o
HAL_EXTI_IRQHandler                               build/stm32l4xx_hal_exti.o
HAL_EXTI_RegisterCallback                         build/stm32l4xx_hal_exti.o
HAL_EXTI_SetConfigLine                            build/stm32l4xx_hal_exti.o
HAL_FLASHEx_DisableRunPowerDown                   build/stm32l4xx_hal_flash_ramfunc.o
HAL_FLASHEx_EnableRunPowerDown                    build/stm32l4xx_hal_flash_ramfunc.o
HAL_FLASHEx_Erase                                 build/stm32l4xx_hal_flash_ex.o
HAL_FLASHEx_Erase_IT                              build/stm32l4xx_hal_flash_ex.o
HAL_FLASHEx_OBGetConfig                           build/stm32l4xx_hal_flash_ex.o
HAL_FLASHEx_OBProgram                             build/stm32l4xx_hal_flash_ex.o
HAL_FLASH_EndOfOperationCallback                  build/stm32l4xx_hal_flash.o
HAL_FLASH_GetError                                build/stm32l4xx_hal_flash.o
HAL_FLASH_IRQHandler                              build/stm32l4xx_hal_flash.o
HAL_FLASH_Lock                                    build/stm32l4xx_hal_flash.o
HAL_FLASH_OB_Launch                               build/stm32l4xx_hal_flash.o
HAL_FLASH_OB_Lock                                 build/stm32l4xx_hal_flash.o
HAL_FLASH_OB_Unlock                               build/stm32l4xx_hal_flash.o
HAL_FLASH_OperationErrorCallback                  build/stm32l4xx_hal_flash.o
HAL_FLASH_Program                                 build/stm32l4xx_hal_flash.o
HAL_FLASH_Program_IT                              build/stm32l4xx_hal_flash.o
HAL_FLASH_Unlock                                  build/stm32l4xx_hal_flash.o
HAL_GPIO_DeInit                                   build/stm32l4xx_hal_gpio.o
                                                  build/usart.o
                                                  build/adc.o
HAL_GPIO_EXTI_Callback                            build/stm32l4xx_hal_gpio.o
HAL_GPIO_EXTI_IRQHandler                          build/stm32l4xx_hal_gpio.o
HAL_GPIO_Init                                     build/stm32l4xx_hal_gpio.o
                                                  build/usart.o
                                                  build/adc.o
                                                  build/stm32l4xx_hal_rcc_ex.o
                                                  build/stm32l4xx_hal_rcc.o
                                                  build/gpio.o
HAL_GPIO_LockPin                                  build/stm32l4xx_hal_gpio.o
HAL_GPIO_ReadPin                                  build/stm32l4xx_hal_gpio.o
                                                  build/main.o
HAL_GPIO_TogglePin                                build/stm32l4xx_hal_gpio.o
                                                  build/main.o
HAL_GPIO_WritePin                                 build/stm32l4xx_hal_gpio.o
                                                  build/gpio.o
HAL_GetDEVID                                      build/stm32l4xx_hal.o
HAL_GetHalVersion                                 build/stm32l4xx_hal.o
HAL_GetREVID                                      build/stm32l4xx_hal.o
HAL_GetTick                                       build/stm32l4xx_hal.o
                                                  build/stm32l4xx_hal_uart_ex.o
                                                  build/stm32l4xx_hal_uart.o
                                                  build/stm32l4xx_hal_adc_ex.o
                                                  build/stm32l4xx_hal_adc.o
                                                  build/stm32l4xx_hal_dma.o
                                                  build/stm32l4xx_hal_flash.o
                                                  build/stm32l4xx_hal_rcc_ex.o
                                                  build/stm32l4xx_hal_rcc.o
HAL_GetTickFreq                                   build/stm32l4xx_hal.o
HAL_GetTickPrio                                   build/stm32l4xx_hal.o
HAL_GetUIDw0                                      build/stm32l4xx_hal.o
HAL_GetUIDw1                                      build/stm32l4xx_hal.o
HAL_GetUIDw2                                      build/stm32l4xx_hal.o
HAL_HalfDuplex_EnableReceiver                     build/stm32l4xx_hal_uart.o
HAL_HalfDuplex_EnableTransmitter                  build/stm32l4xx_hal_uart.o
HAL_HalfDuplex_Init                               build/stm32l4xx_hal_uart.o
HAL_IncTick                                       build/stm32l4xx_hal.o
                                                  build/main.o
HAL_Init                                          build/stm32l4xx_hal.o
                                                  build/main.o
HAL_InitTick                                      build/stm32l4xx_hal_timebase_tim.o
                                                  build/stm32l4xx_hal_rcc.o
HAL_LIN_Init                                      build/stm32l4xx_hal_uart.o
HAL_LIN_SendBreak                                 build/stm32l4xx_hal_uart.o
HAL_MPU_ConfigRegion                              build/stm32l4xx_hal_cortex.o
HAL_MPU_Disable                                   build/stm32l4xx_hal_cortex.o
HAL_MPU_Enable                                    build/stm32l4xx_hal_cortex.o
HAL_MspDeInit                                     build/stm32l4xx_hal.o
HAL_MspInit                                       build/stm32l4xx_hal_msp.o
HAL_MultiProcessorEx_AddressLength_Set            build/stm32l4xx_hal_uart_ex.o
HAL_MultiProcessor_DisableMuteMode                build/stm32l4xx_hal_uart.o
HAL_MultiProcessor_EnableMuteMode                 build/stm32l4xx_hal_uart.o
HAL_MultiProcessor_EnterMuteMode                  build/stm32l4xx_hal_uart.o
HAL_MultiProcessor_Init                           build/stm32l4xx_hal_uart.o
HAL_NVIC_ClearPendingIRQ                          build/stm32l4xx_hal_cortex.o
HAL_NVIC_DisableIRQ                               build/stm32l4xx_hal_cortex.o
HAL_NVIC_EnableIRQ                                build/stm32l4xx_hal_cortex.o
                                                  build/stm32l4xx_hal_timebase_tim.o
HAL_NVIC_GetActive                                build/stm32l4xx_hal_cortex.o
HAL_NVIC_GetPendingIRQ                            build/stm32l4xx_hal_cortex.o
HAL_NVIC_GetPriority                              build/stm32l4xx_hal_cortex.o
HAL_NVIC_GetPriorityGrouping                      build/stm32l4xx_hal_cortex.o
HAL_NVIC_SetPendingIRQ                            build/stm32l4xx_hal_cortex.o
HAL_NVIC_SetPriority                              build/stm32l4xx_hal_cortex.o
                                                  build/stm32l4xx_hal.o
                                                  build/stm32l4xx_hal_timebase_tim.o
                                                  build/stm32l4xx_hal_msp.o
HAL_NVIC_SetPriorityGrouping                      build/stm32l4xx_hal_cortex.o
                                                  build/stm32l4xx_hal.o
HAL_NVIC_SystemReset                              build/stm32l4xx_hal_cortex.o
HAL_PWREx_ConfigPVM                               build/stm32l4xx_hal_pwr_ex.o
HAL_PWREx_ControlVoltageScaling                   build/stm32l4xx_hal_pwr_ex.o
                                                  build/main.o
HAL_PWREx_DisableBatteryCharging                  build/stm32l4xx_hal_pwr_ex.o
HAL_PWREx_DisableGPIOPullDown                     build/stm32l4xx_hal_pwr_ex.o
HAL_PWREx_DisableGPIOPullUp                       build/stm32l4xx_hal_pwr_ex.o
HAL_PWREx_DisableInternalWakeUpLine               build/stm32l4xx_hal_pwr_ex.o
HAL_PWREx_DisableLowPowerRunMode                  build/stm32l4xx_hal_pwr_ex.o
                                                  build/stm32l4xx_hal_pwr.o
HAL_PWREx_DisablePVM1                             build/stm32l4xx_hal_pwr_ex.o
HAL_PWREx_DisablePVM2                             build/stm32l4xx_hal_pwr_ex.o
HAL_PWREx_DisablePVM3                             build/stm32l4xx_hal_pwr_ex.o
HAL_PWREx_DisablePVM4                             build/stm32l4xx_hal_pwr_ex.o
HAL_PWREx_DisablePullUpPullDownConfig             build/stm32l4xx_hal_pwr_ex.o
HAL_PWREx_DisableSRAM2ContentRetention            build/stm32l4xx_hal_pwr_ex.o
HAL_PWREx_DisableVddIO2                           build/stm32l4xx_hal_pwr_ex.o
HAL_PWREx_DisableVddUSB                           build/stm32l4xx_hal_pwr_ex.o
HAL_PWREx_EnableBatteryCharging                   build/stm32l4xx_hal_pwr_ex.o
HAL_PWREx_EnableGPIOPullDown                      build/stm32l4xx_hal_pwr_ex.o
HAL_PWREx_EnableGPIOPullUp                        build/stm32l4xx_hal_pwr_ex.o
HAL_PWREx_EnableInternalWakeUpLine                build/stm32l4xx_hal_pwr_ex.o
HAL_PWREx_EnableLowPowerRunMode                   build/stm32l4xx_hal_pwr_ex.o
                                                  build/stm32l4xx_hal_pwr.o
HAL_PWREx_EnablePVM1                              build/stm32l4xx_hal_pwr_ex.o
HAL_PWREx_EnablePVM2                              build/stm32l4xx_hal_pwr_ex.o
HAL_PWREx_EnablePVM3                              build/stm32l4xx_hal_pwr_ex.o
HAL_PWREx_EnablePVM4                              build/stm32l4xx_hal_pwr_ex.o
HAL_PWREx_EnablePullUpPullDownConfig              build/stm32l4xx_hal_pwr_ex.o
HAL_PWREx_EnableSRAM2ContentRetention             build/stm32l4xx_hal_pwr_ex.o
HAL_PWREx_EnableVddIO2                            build/stm32l4xx_hal_pwr_ex.o
HAL_PWREx_EnableVddUSB                            build/stm32l4xx_hal_pwr_ex.o
HAL_PWREx_EnterSHUTDOWNMode                       build/stm32l4xx_hal_pwr_ex.o
HAL_PWREx_EnterSTOP0Mode                          build/stm32l4xx_hal_pwr_ex.o
                                                  build/stm32l4xx_hal_pwr.o
HAL_PWREx_EnterSTOP1Mode                          build/stm32l4xx_hal_pwr_ex.o
                                                  build/stm32l4xx_hal_pwr.o
HAL_PWREx_EnterSTOP2Mode                          build/stm32l4xx_hal_pwr_ex.o
HAL_PWREx_GetVoltageRange                         build/stm32l4xx_hal_pwr_ex.o
                                                  build/stm32l4xx_hal_rcc.o
HAL_PWREx_PVD_PVM_IRQHandler                      build/stm32l4xx_hal_pwr_ex.o
HAL_PWREx_PVM1Callback                            build/stm32l4xx_hal_pwr_ex.o
HAL_PWREx_PVM2Callback                            build/stm32l4xx_hal_pwr_ex.o
HAL_PWREx_PVM3Callback                            build/stm32l4xx_hal_pwr_ex.o
HAL_PWREx_PVM4Callback                            build/stm32l4xx_hal_pwr_ex.o
HAL_PWREx_SetSRAM2ContentRetention                build/stm32l4xx_hal_pwr_ex.o
HAL_PWR_ConfigPVD                                 build/stm32l4xx_hal_pwr.o
HAL_PWR_DeInit                                    build/stm32l4xx_hal_pwr.o
HAL_PWR_DisableBkUpAccess                         build/stm32l4xx_hal_pwr.o
                                                  build/stm32l4xx_hal_rcc_ex.o
HAL_PWR_DisablePVD                                build/stm32l4xx_hal_pwr.o
HAL_PWR_DisableSEVOnPend                          build/stm32l4xx_hal_pwr.o
HAL_PWR_DisableSleepOnExit                        build/stm32l4xx_hal_pwr.o
HAL_PWR_DisableWakeUpPin                          build/stm32l4xx_hal_pwr.o
HAL_PWR_EnableBkUpAccess                          build/stm32l4xx_hal_pwr.o
                                                  build/stm32l4xx_hal_rcc_ex.o
HAL_PWR_EnablePVD                                 build/stm32l4xx_hal_pwr.o
HAL_PWR_EnableSEVOnPend                           build/stm32l4xx_hal_pwr.o
HAL_PWR_EnableSleepOnExit                         build/stm32l4xx_hal_pwr.o
HAL_PWR_EnableWakeUpPin                           build/stm32l4xx_hal_pwr.o
HAL_PWR_EnterSLEEPMode                            build/stm32l4xx_hal_pwr.o
HAL_PWR_EnterSTANDBYMode                          build/stm32l4xx_hal_pwr.o
HAL_PWR_EnterSTOPMode                             build/stm32l4xx_hal_pwr.o
HAL_PWR_PVDCallback                               build/stm32l4xx_hal_pwr.o
                                                  build/stm32l4xx_hal_pwr_ex.o
HAL_RCCEx_DisableLSCO                             build/stm32l4xx_hal_rcc_ex.o
HAL_RCCEx_DisableLSECSS                           build/stm32l4xx_hal_rcc_ex.o
HAL_RCCEx_DisableMSIPLLMode                       build/stm32l4xx_hal_rcc_ex.o
HAL_RCCEx_DisablePLLSAI1                          build/stm32l4xx_hal_rcc_ex.o
HAL_RCCEx_DisablePLLSAI2                          build/stm32l4xx_hal_rcc_ex.o
HAL_RCCEx_EnableLSCO                              build/stm32l4xx_hal_rcc_ex.o
HAL_RCCEx_EnableLSECSS                            build/stm32l4xx_hal_rcc_ex.o
HAL_RCCEx_EnableLSECSS_IT                         build/stm32l4xx_hal_rcc_ex.o
HAL_RCCEx_EnableMSIPLLMode                        build/stm32l4xx_hal_rcc_ex.o
HAL_RCCEx_EnablePLLSAI1                           build/stm32l4xx_hal_rcc_ex.o
HAL_RCCEx_EnablePLLSAI2                           build/stm32l4xx_hal_rcc_ex.o
HAL_RCCEx_GetPeriphCLKConfig                      build/stm32l4xx_hal_rcc_ex.o
HAL_RCCEx_GetPeriphCLKFreq                        build/stm32l4xx_hal_rcc_ex.o
HAL_RCCEx_LSECSS_Callback                         build/stm32l4xx_hal_rcc_ex.o
HAL_RCCEx_LSECSS_IRQHandler                       build/stm32l4xx_hal_rcc_ex.o
HAL_RCCEx_PeriphCLKConfig                         build/stm32l4xx_hal_rcc_ex.o